+ /opt/hostedtoolcache/Python/3.12.14/x64/bin/python /home/runner/work/scap-ng/scap-ng/scap-ng/tools/scap14_rule_splitter.py niwc/Current/U_Adobe_Acrobat_Pro_DC_Continuous_V2R2_STIG_SCAP_1-4_Benchmark-enhancedV2-signed.zip --output-dir work/split-adobe_acrobat_pro_dc_continuous --schema scap-ng/third_party/scap-1.4-schemas/omni-schema.xsd --source-revision 8c8e5dff860af6b1290ee9273a282db24278f8d5 --source-repository-path Current/U_Adobe_Acrobat_Pro_DC_Continuous_V2R2_STIG_SCAP_1-4_Benchmark-enhancedV2-signed.zip --benchmark-key xccdf_mil.disa.stig_benchmark_adobe_acrobat_pro_dc_continuous_stig --fail-on-unresolved
{
  "ambiguous_definition_references": 0,
  "applicability_check_fact_refs": 0,
  "applicability_oval_definition_refs": 0,
  "applicability_schema_invalid": 0,
  "applicability_unique_oval_definitions": 0,
  "applicability_unresolved_references": 0,
  "cpe_inventory_refs": 1,
  "cpe_inventory_schema_invalid": 0,
  "cpe_inventory_split_valid": 1,
  "cpe_inventory_unresolved": 0,
  "rules_with_oval": 22,
  "rules_without_oval": 1,
  "schema_invalid": 0,
  "schema_valid": 22,
  "split_files": 22,
  "unresolved_references": 0,
  "xccdf_rules": 23
}
+ /opt/hostedtoolcache/Python/3.12.14/x64/bin/python /home/runner/work/scap-ng/scap-ng/scap-ng/tools/scap_upconvert_v003/convert_full_review.py --input niwc/Current/U_Adobe_Acrobat_Pro_DC_Continuous_V2R2_STIG_SCAP_1-4_Benchmark-enhancedV2-signed.zip --sha256 01bdb16fcfee60d27f475cedbf25263919df52cb78aa58bb2242b259d409694b --benchmark-id niwc.adobe_acrobat_pro_dc_continuous --platform-id product.adobe_acrobat_pro_dc_continuous --platform-title Adobe Acrobat Professional DC Continuous Track STIG SCAP Benchmark - NIWC Enhanced with Manual Questions --split-root work/split-adobe_acrobat_pro_dc_continuous --output work/result/generated/adobe_acrobat_pro_dc_continuous
{
  "status": "full_research_review_structural_and_representation_checks_passed",
  "rules": 23,
  "profiles": 10,
  "applicability": 1,
  "yaml_files": 71
}
{
  "benchmark_id": "niwc.adobe_acrobat_pro_dc_continuous",
  "generated_fresh": true,
  "output": "work/result/generated/adobe_acrobat_pro_dc_continuous",
  "platform_id": "product.adobe_acrobat_pro_dc_continuous",
  "platform_title": "Adobe Acrobat Professional DC Continuous Track STIG SCAP Benchmark - NIWC Enhanced with Manual Questions",
  "source_benchmark_id": "xccdf_mil.disa.stig_benchmark_Adobe_Acrobat_Pro_DC_Continuous_STIG",
  "source_revision": "8c8e5dff860af6b1290ee9273a282db24278f8d5",
  "source_sha256": "01bdb16fcfee60d27f475cedbf25263919df52cb78aa58bb2242b259d409694b",
  "source_zip": "Current/U_Adobe_Acrobat_Pro_DC_Continuous_V2R2_STIG_SCAP_1-4_Benchmark-enhancedV2-signed.zip",
  "title": "Adobe Acrobat Professional DC Continuous Track STIG SCAP Benchmark - NIWC Enhanced with Manual Questions"
}

