+ /opt/hostedtoolcache/Python/3.12.14/x64/bin/python /home/runner/work/scap-ng/scap-ng/scap-ng/tools/scap14_rule_splitter.py niwc/Current/U_Amazon_Linux_2023_V1R2_STIG_SCAP_1-4_Benchmark-enhancedV1-signed.zip --output-dir work/split-amazon_linux_2023 --schema scap-ng/third_party/scap-1.4-schemas/omni-schema.xsd --source-revision 8c8e5dff860af6b1290ee9273a282db24278f8d5 --source-repository-path Current/U_Amazon_Linux_2023_V1R2_STIG_SCAP_1-4_Benchmark-enhancedV1-signed.zip --benchmark-key xccdf_mil.disa.stig_benchmark_amazon_linux_2023_stig --fail-on-unresolved
{
  "ambiguous_definition_references": 0,
  "applicability_check_fact_refs": 2,
  "applicability_oval_definition_refs": 2,
  "applicability_schema_invalid": 0,
  "applicability_unique_oval_definitions": 2,
  "applicability_unresolved_references": 0,
  "cpe_inventory_refs": 1,
  "cpe_inventory_schema_invalid": 0,
  "cpe_inventory_split_valid": 1,
  "cpe_inventory_unresolved": 0,
  "rules_with_oval": 170,
  "rules_without_oval": 17,
  "schema_invalid": 0,
  "schema_valid": 170,
  "split_files": 170,
  "unresolved_references": 0,
  "xccdf_rules": 187
}
+ /opt/hostedtoolcache/Python/3.12.14/x64/bin/python /home/runner/work/scap-ng/scap-ng/scap-ng/tools/scap_upconvert_v003/convert_full_review.py --input niwc/Current/U_Amazon_Linux_2023_V1R2_STIG_SCAP_1-4_Benchmark-enhancedV1-signed.zip --sha256 88cc35f98c9ff96c567110c284c06e6adfc556fd59967019bdec6fd1cc5a204f --benchmark-id niwc.amazon_linux_2023 --platform-id product.amazon_linux_2023 --platform-title Amazon Linux 2023 STIG SCAP Benchmark - NIWC Enhanced with Manual Questions --split-root work/split-amazon_linux_2023 --output work/result/generated/amazon_linux_2023
{
  "status": "full_research_review_structural_and_representation_checks_passed",
  "rules": 187,
  "profiles": 11,
  "applicability": 3,
  "yaml_files": 549
}
{
  "benchmark_id": "niwc.amazon_linux_2023",
  "generated_fresh": true,
  "output": "work/result/generated/amazon_linux_2023",
  "platform_id": "product.amazon_linux_2023",
  "platform_title": "Amazon Linux 2023 STIG SCAP Benchmark - NIWC Enhanced with Manual Questions",
  "source_benchmark_id": "xccdf_mil.disa.stig_benchmark_Amazon_Linux_2023_STIG",
  "source_revision": "8c8e5dff860af6b1290ee9273a282db24278f8d5",
  "source_sha256": "88cc35f98c9ff96c567110c284c06e6adfc556fd59967019bdec6fd1cc5a204f",
  "source_zip": "Current/U_Amazon_Linux_2023_V1R2_STIG_SCAP_1-4_Benchmark-enhancedV1-signed.zip",
  "title": "Amazon Linux 2023 STIG SCAP Benchmark - NIWC Enhanced with Manual Questions"
}

