+ /opt/hostedtoolcache/Python/3.12.14/x64/bin/python /home/runner/work/scap-ng/scap-ng/scap-ng/tools/scap14_rule_splitter.py niwc/Current/U_Apache_Tomcat_Application_Server_9_V3R4_STIG_SCAP_1-4_Benchmark-enhancedV1-signed.zip --output-dir work/split-apache_tomcat_application_server_9 --schema scap-ng/third_party/scap-1.4-schemas/omni-schema.xsd --source-revision 8c8e5dff860af6b1290ee9273a282db24278f8d5 --source-repository-path Current/U_Apache_Tomcat_Application_Server_9_V3R4_STIG_SCAP_1-4_Benchmark-enhancedV1-signed.zip --benchmark-key xccdf_navy.navwar.niwcatlantic.scc_benchmark_tomcat_application_server_9_stig --fail-on-unresolved
{
  "ambiguous_definition_references": 0,
  "applicability_check_fact_refs": 1,
  "applicability_oval_definition_refs": 1,
  "applicability_schema_invalid": 0,
  "applicability_unique_oval_definitions": 1,
  "applicability_unresolved_references": 0,
  "cpe_inventory_refs": 1,
  "cpe_inventory_schema_invalid": 0,
  "cpe_inventory_split_valid": 1,
  "cpe_inventory_unresolved": 0,
  "rules_with_oval": 0,
  "rules_without_oval": 79,
  "schema_invalid": 0,
  "schema_valid": 0,
  "split_files": 0,
  "unresolved_references": 0,
  "xccdf_rules": 79
}
+ /opt/hostedtoolcache/Python/3.12.14/x64/bin/python /home/runner/work/scap-ng/scap-ng/scap-ng/tools/scap_upconvert_v003/convert_full_review.py --input niwc/Current/U_Apache_Tomcat_Application_Server_9_V3R4_STIG_SCAP_1-4_Benchmark-enhancedV1-signed.zip --sha256 ac4160a0f0f9541507836ba44272ba479fe6f1f8e8da3aff9793700ee482288d --benchmark-id niwc.apache_tomcat_application_server_9 --platform-id product.apache_tomcat_application_server_9 --platform-title Apache Tomcat Application Server 9 STIG SCAP Benchmark - NIWC Enhanced with Manual Questions --split-root work/split-apache_tomcat_application_server_9 --output work/result/generated/apache_tomcat_application_server_9
{
  "status": "full_research_review_structural_and_representation_checks_passed",
  "rules": 79,
  "profiles": 9,
  "applicability": 1,
  "yaml_files": 161
}
{
  "benchmark_id": "niwc.apache_tomcat_application_server_9",
  "generated_fresh": true,
  "output": "work/result/generated/apache_tomcat_application_server_9",
  "platform_id": "product.apache_tomcat_application_server_9",
  "platform_title": "Apache Tomcat Application Server 9 STIG SCAP Benchmark - NIWC Enhanced with Manual Questions",
  "source_benchmark_id": "xccdf_navy.navwar.niwcatlantic.scc_benchmark_Tomcat_Application_Server_9_STIG",
  "source_revision": "8c8e5dff860af6b1290ee9273a282db24278f8d5",
  "source_sha256": "ac4160a0f0f9541507836ba44272ba479fe6f1f8e8da3aff9793700ee482288d",
  "source_zip": "Current/U_Apache_Tomcat_Application_Server_9_V3R4_STIG_SCAP_1-4_Benchmark-enhancedV1-signed.zip",
  "title": "Apache Tomcat Application Server 9 STIG SCAP Benchmark - NIWC Enhanced with Manual Questions"
}

