+ /opt/hostedtoolcache/Python/3.12.14/x64/bin/python /home/runner/work/scap-ng/scap-ng/scap-ng/tools/scap14_rule_splitter.py niwc/Current/U_Apple_macOS_13_V1R5_STIG_SCAP_1-4_Benchmark-enhancedV7-signed.zip --output-dir work/split-apple_macos_13 --schema scap-ng/third_party/scap-1.4-schemas/omni-schema.xsd --source-revision 8c8e5dff860af6b1290ee9273a282db24278f8d5 --source-repository-path Current/U_Apple_macOS_13_V1R5_STIG_SCAP_1-4_Benchmark-enhancedV7-signed.zip --benchmark-key xccdf_gov.nist.mscp.content_benchmark_apple_macos_13_stig --fail-on-unresolved
{
  "ambiguous_definition_references": 0,
  "applicability_check_fact_refs": 0,
  "applicability_oval_definition_refs": 0,
  "applicability_schema_invalid": 0,
  "applicability_unique_oval_definitions": 0,
  "applicability_unresolved_references": 0,
  "cpe_inventory_refs": 1,
  "cpe_inventory_schema_invalid": 0,
  "cpe_inventory_split_valid": 1,
  "cpe_inventory_unresolved": 0,
  "rules_with_oval": 102,
  "rules_without_oval": 11,
  "schema_invalid": 0,
  "schema_valid": 102,
  "split_files": 102,
  "unresolved_references": 0,
  "xccdf_rules": 113
}
+ /opt/hostedtoolcache/Python/3.12.14/x64/bin/python /home/runner/work/scap-ng/scap-ng/scap-ng/tools/scap_upconvert_v003/convert_full_review.py --input niwc/Current/U_Apple_macOS_13_V1R5_STIG_SCAP_1-4_Benchmark-enhancedV7-signed.zip --sha256 0fbdff446bba6b8e0efc320d599b1a38c02bc018f99f0127fc258bde583249de --benchmark-id niwc.apple_macos_13 --platform-id product.apple_macos_13 --platform-title Apple macOS 13 (Ventura) STIG SCAP Benchmark - NIWC Enhanced with Manual Questions --split-root work/split-apple_macos_13 --output work/result/generated/apple_macos_13
{
  "status": "full_research_review_structural_and_representation_checks_passed",
  "rules": 113,
  "profiles": 9,
  "applicability": 1,
  "yaml_files": 331
}
{
  "benchmark_id": "niwc.apple_macos_13",
  "generated_fresh": true,
  "output": "work/result/generated/apple_macos_13",
  "platform_id": "product.apple_macos_13",
  "platform_title": "Apple macOS 13 (Ventura) STIG SCAP Benchmark - NIWC Enhanced with Manual Questions",
  "source_benchmark_id": "xccdf_gov.nist.mscp.content_benchmark_Apple_macOS_13_STIG",
  "source_revision": "8c8e5dff860af6b1290ee9273a282db24278f8d5",
  "source_sha256": "0fbdff446bba6b8e0efc320d599b1a38c02bc018f99f0127fc258bde583249de",
  "source_zip": "Current/U_Apple_macOS_13_V1R5_STIG_SCAP_1-4_Benchmark-enhancedV7-signed.zip",
  "title": "Apple macOS 13 (Ventura) STIG SCAP Benchmark - NIWC Enhanced with Manual Questions"
}

