+ /opt/hostedtoolcache/Python/3.12.14/x64/bin/python /home/runner/work/scap-ng/scap-ng/scap-ng/tools/scap14_rule_splitter.py niwc/Current/U_CAN_Ubuntu_20-04_LTS_V2R5_STIG_SCAP_1-4_Benchmark-enhancedV18-signed.zip --output-dir work/split-can_ubuntu_20-04_lts --schema scap-ng/third_party/scap-1.4-schemas/omni-schema.xsd --source-revision 8c8e5dff860af6b1290ee9273a282db24278f8d5 --source-repository-path Current/U_CAN_Ubuntu_20-04_LTS_V2R5_STIG_SCAP_1-4_Benchmark-enhancedV18-signed.zip --benchmark-key xccdf_mil.disa.stig_benchmark_canonical_ubuntu_20-04_lts_stig --fail-on-unresolved
{
  "ambiguous_definition_references": 0,
  "applicability_check_fact_refs": 3,
  "applicability_oval_definition_refs": 3,
  "applicability_schema_invalid": 0,
  "applicability_unique_oval_definitions": 3,
  "applicability_unresolved_references": 0,
  "cpe_inventory_refs": 1,
  "cpe_inventory_schema_invalid": 0,
  "cpe_inventory_split_valid": 1,
  "cpe_inventory_unresolved": 0,
  "rules_with_oval": 139,
  "rules_without_oval": 34,
  "schema_invalid": 0,
  "schema_valid": 139,
  "split_files": 139,
  "unresolved_references": 0,
  "xccdf_rules": 173
}
+ /opt/hostedtoolcache/Python/3.12.14/x64/bin/python /home/runner/work/scap-ng/scap-ng/scap-ng/tools/scap_upconvert_v003/convert_full_review.py --input niwc/Current/U_CAN_Ubuntu_20-04_LTS_V2R5_STIG_SCAP_1-4_Benchmark-enhancedV18-signed.zip --sha256 85cc4348a0bd85becf757f50e6f0d3ef67169c87e26f12f045c94914d7099ef5 --benchmark-id niwc.can_ubuntu_20-04_lts --platform-id product.can_ubuntu_20-04_lts --platform-title Canonical Ubuntu 20.04 LTS STIG SCAP Benchmark - NIWC Enhanced with Manual Questions --split-root work/split-can_ubuntu_20-04_lts --output work/result/generated/can_ubuntu_20-04_lts
{
  "status": "full_research_review_structural_and_representation_checks_passed",
  "rules": 173,
  "profiles": 11,
  "applicability": 4,
  "yaml_files": 491
}
{
  "benchmark_id": "niwc.can_ubuntu_20-04_lts",
  "generated_fresh": true,
  "output": "work/result/generated/can_ubuntu_20-04_lts",
  "platform_id": "product.can_ubuntu_20-04_lts",
  "platform_title": "Canonical Ubuntu 20.04 LTS STIG SCAP Benchmark - NIWC Enhanced with Manual Questions",
  "source_benchmark_id": "xccdf_mil.disa.stig_benchmark_Canonical_Ubuntu_20-04_LTS_STIG",
  "source_revision": "8c8e5dff860af6b1290ee9273a282db24278f8d5",
  "source_sha256": "85cc4348a0bd85becf757f50e6f0d3ef67169c87e26f12f045c94914d7099ef5",
  "source_zip": "Current/U_CAN_Ubuntu_20-04_LTS_V2R5_STIG_SCAP_1-4_Benchmark-enhancedV18-signed.zip",
  "title": "Canonical Ubuntu 20.04 LTS STIG SCAP Benchmark - NIWC Enhanced with Manual Questions"
}

