+ /opt/hostedtoolcache/Python/3.12.14/x64/bin/python /home/runner/work/scap-ng/scap-ng/scap-ng/tools/scap14_rule_splitter.py niwc/Current/U_Cisco_IOS-XE_Router_NDM_V3R5_STIG_SCAP_1-4_Benchmark-enhancedV18-signed.zip --output-dir work/split-cisco_ios-xe_router_ndm --schema scap-ng/third_party/scap-1.4-schemas/omni-schema.xsd --source-revision 8c8e5dff860af6b1290ee9273a282db24278f8d5 --source-repository-path Current/U_Cisco_IOS-XE_Router_NDM_V3R5_STIG_SCAP_1-4_Benchmark-enhancedV18-signed.zip --benchmark-key xccdf_mil.disa.stig_benchmark_cisco_ios-xe_router_ndm_stig --fail-on-unresolved
{
  "ambiguous_definition_references": 0,
  "applicability_check_fact_refs": 0,
  "applicability_oval_definition_refs": 0,
  "applicability_schema_invalid": 0,
  "applicability_unique_oval_definitions": 0,
  "applicability_unresolved_references": 0,
  "cpe_inventory_refs": 1,
  "cpe_inventory_schema_invalid": 0,
  "cpe_inventory_split_valid": 1,
  "cpe_inventory_unresolved": 0,
  "rules_with_oval": 37,
  "rules_without_oval": 5,
  "schema_invalid": 0,
  "schema_valid": 37,
  "split_files": 37,
  "unresolved_references": 0,
  "xccdf_rules": 42
}
+ /opt/hostedtoolcache/Python/3.12.14/x64/bin/python /home/runner/work/scap-ng/scap-ng/scap-ng/tools/scap_upconvert_v003/convert_full_review.py --input niwc/Current/U_Cisco_IOS-XE_Router_NDM_V3R5_STIG_SCAP_1-4_Benchmark-enhancedV18-signed.zip --sha256 82e2d4bf65abc53bb6da01874944c555efae51dbc98d80e6e42423d1025e7efa --benchmark-id niwc.cisco_ios-xe_router_ndm --platform-id product.cisco_ios-xe_router_ndm --platform-title Cisco IOS XE Router NDM STIG SCAP Benchmark - NIWC Enhanced with Manual Questions --split-root work/split-cisco_ios-xe_router_ndm --output work/result/generated/cisco_ios-xe_router_ndm
{
  "status": "full_research_review_structural_and_representation_checks_passed",
  "rules": 42,
  "profiles": 10,
  "applicability": 1,
  "yaml_files": 124
}
{
  "benchmark_id": "niwc.cisco_ios-xe_router_ndm",
  "generated_fresh": true,
  "output": "work/result/generated/cisco_ios-xe_router_ndm",
  "platform_id": "product.cisco_ios-xe_router_ndm",
  "platform_title": "Cisco IOS XE Router NDM STIG SCAP Benchmark - NIWC Enhanced with Manual Questions",
  "source_benchmark_id": "xccdf_mil.disa.stig_benchmark_Cisco_IOS-XE_Router_NDM_STIG",
  "source_revision": "8c8e5dff860af6b1290ee9273a282db24278f8d5",
  "source_sha256": "82e2d4bf65abc53bb6da01874944c555efae51dbc98d80e6e42423d1025e7efa",
  "source_zip": "Current/U_Cisco_IOS-XE_Router_NDM_V3R5_STIG_SCAP_1-4_Benchmark-enhancedV18-signed.zip",
  "title": "Cisco IOS XE Router NDM STIG SCAP Benchmark - NIWC Enhanced with Manual Questions"
}

