+ /opt/hostedtoolcache/Python/3.12.14/x64/bin/python /home/runner/work/scap-ng/scap-ng/scap-ng/tools/scap14_rule_splitter.py niwc/Current/U_Cisco_IOS_Switch_NDM_V3R6_STIG_SCAP_1-4_Benchmark-enhancedV6-signed.zip --output-dir work/split-cisco_ios_switch_ndm --schema scap-ng/third_party/scap-1.4-schemas/omni-schema.xsd --source-revision 8c8e5dff860af6b1290ee9273a282db24278f8d5 --source-repository-path Current/U_Cisco_IOS_Switch_NDM_V3R6_STIG_SCAP_1-4_Benchmark-enhancedV6-signed.zip --benchmark-key xccdf_navy.navwar.niwcatlantic.scc_benchmark_cisco_ios_switch_ndm_stig --fail-on-unresolved
{
  "ambiguous_definition_references": 0,
  "applicability_check_fact_refs": 0,
  "applicability_oval_definition_refs": 0,
  "applicability_schema_invalid": 0,
  "applicability_unique_oval_definitions": 0,
  "applicability_unresolved_references": 0,
  "cpe_inventory_refs": 1,
  "cpe_inventory_schema_invalid": 0,
  "cpe_inventory_split_valid": 1,
  "cpe_inventory_unresolved": 0,
  "rules_with_oval": 29,
  "rules_without_oval": 6,
  "schema_invalid": 0,
  "schema_valid": 29,
  "split_files": 29,
  "unresolved_references": 0,
  "xccdf_rules": 35
}
+ /opt/hostedtoolcache/Python/3.12.14/x64/bin/python /home/runner/work/scap-ng/scap-ng/scap-ng/tools/scap_upconvert_v003/convert_full_review.py --input niwc/Current/U_Cisco_IOS_Switch_NDM_V3R6_STIG_SCAP_1-4_Benchmark-enhancedV6-signed.zip --sha256 1d33596c80208a4b3d77004397b209b5038badfefe97e5e5d27ec536b1211b70 --benchmark-id niwc.cisco_ios_switch_ndm --platform-id product.cisco_ios_switch_ndm --platform-title Cisco IOS Switch NDM STIG SCAP Benchmark - NIWC Enhanced with Manual Questions --split-root work/split-cisco_ios_switch_ndm --output work/result/generated/cisco_ios_switch_ndm
{
  "status": "full_research_review_structural_and_representation_checks_passed",
  "rules": 35,
  "profiles": 9,
  "applicability": 1,
  "yaml_files": 102
}
{
  "benchmark_id": "niwc.cisco_ios_switch_ndm",
  "generated_fresh": true,
  "output": "work/result/generated/cisco_ios_switch_ndm",
  "platform_id": "product.cisco_ios_switch_ndm",
  "platform_title": "Cisco IOS Switch NDM STIG SCAP Benchmark - NIWC Enhanced with Manual Questions",
  "source_benchmark_id": "xccdf_navy.navwar.niwcatlantic.scc_benchmark_Cisco_IOS_Switch_NDM_STIG",
  "source_revision": "8c8e5dff860af6b1290ee9273a282db24278f8d5",
  "source_sha256": "1d33596c80208a4b3d77004397b209b5038badfefe97e5e5d27ec536b1211b70",
  "source_zip": "Current/U_Cisco_IOS_Switch_NDM_V3R6_STIG_SCAP_1-4_Benchmark-enhancedV6-signed.zip",
  "title": "Cisco IOS Switch NDM STIG SCAP Benchmark - NIWC Enhanced with Manual Questions"
}

