+ /opt/hostedtoolcache/Python/3.12.14/x64/bin/python /home/runner/work/scap-ng/scap-ng/scap-ng/tools/scap14_rule_splitter.py niwc/Current/U_MOZ_Firefox_Windows_V6R8_STIG_SCAP_1-4_Benchmark-enhancedV13-signed.zip --output-dir work/split-moz_firefox_windows --schema scap-ng/third_party/scap-1.4-schemas/omni-schema.xsd --source-revision 8c8e5dff860af6b1290ee9273a282db24278f8d5 --source-repository-path Current/U_MOZ_Firefox_Windows_V6R8_STIG_SCAP_1-4_Benchmark-enhancedV13-signed.zip --benchmark-key xccdf_mil.disa.stig_benchmark_moz_firefox_stig_windows --fail-on-unresolved
{
  "ambiguous_definition_references": 0,
  "applicability_check_fact_refs": 0,
  "applicability_oval_definition_refs": 0,
  "applicability_schema_invalid": 0,
  "applicability_unique_oval_definitions": 0,
  "applicability_unresolved_references": 0,
  "cpe_inventory_refs": 1,
  "cpe_inventory_schema_invalid": 0,
  "cpe_inventory_split_valid": 1,
  "cpe_inventory_unresolved": 0,
  "rules_with_oval": 32,
  "rules_without_oval": 1,
  "schema_invalid": 0,
  "schema_valid": 32,
  "split_files": 32,
  "unresolved_references": 0,
  "xccdf_rules": 33
}
+ /opt/hostedtoolcache/Python/3.12.14/x64/bin/python /home/runner/work/scap-ng/scap-ng/scap-ng/tools/scap_upconvert_v003/convert_full_review.py --input niwc/Current/U_MOZ_Firefox_Windows_V6R8_STIG_SCAP_1-4_Benchmark-enhancedV13-signed.zip --sha256 ad37668f0f43cd0b973e7544ad1d44e21dac9388f750fa2dab2c43893e781f41 --benchmark-id niwc.moz_firefox_windows --platform-id product.moz_firefox_windows --platform-title Mozilla Firefox for Windows STIG SCAP Benchmark - NIWC Enhanced with Manual Questions --split-root work/split-moz_firefox_windows --output work/result/generated/moz_firefox_windows
{
  "status": "full_research_review_structural_and_representation_checks_passed",
  "rules": 33,
  "profiles": 10,
  "applicability": 1,
  "yaml_files": 101
}
{
  "benchmark_id": "niwc.moz_firefox_windows",
  "generated_fresh": true,
  "output": "work/result/generated/moz_firefox_windows",
  "platform_id": "product.moz_firefox_windows",
  "platform_title": "Mozilla Firefox for Windows STIG SCAP Benchmark - NIWC Enhanced with Manual Questions",
  "source_benchmark_id": "xccdf_mil.disa.stig_benchmark_MOZ_Firefox_STIG_Windows",
  "source_revision": "8c8e5dff860af6b1290ee9273a282db24278f8d5",
  "source_sha256": "ad37668f0f43cd0b973e7544ad1d44e21dac9388f750fa2dab2c43893e781f41",
  "source_zip": "Current/U_MOZ_Firefox_Windows_V6R8_STIG_SCAP_1-4_Benchmark-enhancedV13-signed.zip",
  "title": "Mozilla Firefox for Windows STIG SCAP Benchmark - NIWC Enhanced with Manual Questions"
}

