+ /opt/hostedtoolcache/Python/3.12.14/x64/bin/python /home/runner/work/scap-ng/scap-ng/scap-ng/tools/scap14_rule_splitter.py niwc/Current/U_MS_DotNet_Framework_4-0_V2R8_STIG_SCAP_1-4_Benchmark-enhancedV15-signed.zip --output-dir work/split-ms_dotnet_framework_4-0 --schema scap-ng/third_party/scap-1.4-schemas/omni-schema.xsd --source-revision 8c8e5dff860af6b1290ee9273a282db24278f8d5 --source-repository-path Current/U_MS_DotNet_Framework_4-0_V2R8_STIG_SCAP_1-4_Benchmark-enhancedV15-signed.zip --benchmark-key xccdf_mil.disa.stig_benchmark_ms_dot_net_framework --fail-on-unresolved
{
  "ambiguous_definition_references": 0,
  "applicability_check_fact_refs": 0,
  "applicability_oval_definition_refs": 0,
  "applicability_schema_invalid": 0,
  "applicability_unique_oval_definitions": 0,
  "applicability_unresolved_references": 0,
  "cpe_inventory_refs": 1,
  "cpe_inventory_schema_invalid": 0,
  "cpe_inventory_split_valid": 1,
  "cpe_inventory_unresolved": 0,
  "rules_with_oval": 14,
  "rules_without_oval": 3,
  "schema_invalid": 0,
  "schema_valid": 14,
  "split_files": 14,
  "unresolved_references": 0,
  "xccdf_rules": 17
}
+ /opt/hostedtoolcache/Python/3.12.14/x64/bin/python /home/runner/work/scap-ng/scap-ng/scap-ng/tools/scap_upconvert_v003/convert_full_review.py --input niwc/Current/U_MS_DotNet_Framework_4-0_V2R8_STIG_SCAP_1-4_Benchmark-enhancedV15-signed.zip --sha256 9578b414bc8e406e15226b91d663d31f227f1164f8bca7c4d5ea3507d8f520c9 --benchmark-id niwc.ms_dotnet_framework_4-0 --platform-id product.ms_dotnet_framework_4-0 --platform-title Microsoft DotNet Framework 4.0 STIG SCAP Benchmark - NIWC Enhanced with Manual Questions --split-root work/split-ms_dotnet_framework_4-0 --output work/result/generated/ms_dotnet_framework_4-0
{
  "status": "full_research_review_structural_and_representation_checks_passed",
  "rules": 17,
  "profiles": 10,
  "applicability": 1,
  "yaml_files": 51
}
{
  "benchmark_id": "niwc.ms_dotnet_framework_4-0",
  "generated_fresh": true,
  "output": "work/result/generated/ms_dotnet_framework_4-0",
  "platform_id": "product.ms_dotnet_framework_4-0",
  "platform_title": "Microsoft DotNet Framework 4.0 STIG SCAP Benchmark - NIWC Enhanced with Manual Questions",
  "source_benchmark_id": "xccdf_mil.disa.stig_benchmark_MS_Dot_Net_Framework",
  "source_revision": "8c8e5dff860af6b1290ee9273a282db24278f8d5",
  "source_sha256": "9578b414bc8e406e15226b91d663d31f227f1164f8bca7c4d5ea3507d8f520c9",
  "source_zip": "Current/U_MS_DotNet_Framework_4-0_V2R8_STIG_SCAP_1-4_Benchmark-enhancedV15-signed.zip",
  "title": "Microsoft DotNet Framework 4.0 STIG SCAP Benchmark - NIWC Enhanced with Manual Questions"
}

