+ /opt/hostedtoolcache/Python/3.12.14/x64/bin/python /home/runner/work/scap-ng/scap-ng/scap-ng/tools/scap14_rule_splitter.py niwc/Current/U_MS_Exchange_2019_Edge_Server_V2R2_STIG_SCAP_1-4_Benchmark-enhancedV1-signed.zip --output-dir work/split-ms_exchange_2019_edge_server --schema scap-ng/third_party/scap-1.4-schemas/omni-schema.xsd --source-revision 8c8e5dff860af6b1290ee9273a282db24278f8d5 --source-repository-path Current/U_MS_Exchange_2019_Edge_Server_V2R2_STIG_SCAP_1-4_Benchmark-enhancedV1-signed.zip --benchmark-key xccdf_navy.navwar.niwcatlantic.scc_benchmark_ms_exchange_2019_edge_server_stig --fail-on-unresolved
{
  "ambiguous_definition_references": 0,
  "applicability_check_fact_refs": 0,
  "applicability_oval_definition_refs": 0,
  "applicability_schema_invalid": 0,
  "applicability_unique_oval_definitions": 0,
  "applicability_unresolved_references": 0,
  "cpe_inventory_refs": 1,
  "cpe_inventory_schema_invalid": 0,
  "cpe_inventory_split_valid": 1,
  "cpe_inventory_unresolved": 0,
  "rules_with_oval": 55,
  "rules_without_oval": 13,
  "schema_invalid": 0,
  "schema_valid": 55,
  "split_files": 55,
  "unresolved_references": 0,
  "xccdf_rules": 68
}
+ /opt/hostedtoolcache/Python/3.12.14/x64/bin/python /home/runner/work/scap-ng/scap-ng/scap-ng/tools/scap_upconvert_v003/convert_full_review.py --input niwc/Current/U_MS_Exchange_2019_Edge_Server_V2R2_STIG_SCAP_1-4_Benchmark-enhancedV1-signed.zip --sha256 b6bd7ad2a458f464eca99deb9eac50aaeafa74d435cf0bb2ca76d0424d916692 --benchmark-id niwc.ms_exchange_2019_edge_server --platform-id product.ms_exchange_2019_edge_server --platform-title Microsoft Exchange 2019 Edge Server STIG SCAP Benchmark - NIWC Enhanced with Manual Questions --split-root work/split-ms_exchange_2019_edge_server --output work/result/generated/ms_exchange_2019_edge_server
{
  "status": "full_research_review_structural_and_representation_checks_passed",
  "rules": 68,
  "profiles": 9,
  "applicability": 1,
  "yaml_files": 194
}
{
  "benchmark_id": "niwc.ms_exchange_2019_edge_server",
  "generated_fresh": true,
  "output": "work/result/generated/ms_exchange_2019_edge_server",
  "platform_id": "product.ms_exchange_2019_edge_server",
  "platform_title": "Microsoft Exchange 2019 Edge Server STIG SCAP Benchmark - NIWC Enhanced with Manual Questions",
  "source_benchmark_id": "xccdf_navy.navwar.niwcatlantic.scc_benchmark_MS_Exchange_2019_Edge_Server_STIG",
  "source_revision": "8c8e5dff860af6b1290ee9273a282db24278f8d5",
  "source_sha256": "b6bd7ad2a458f464eca99deb9eac50aaeafa74d435cf0bb2ca76d0424d916692",
  "source_zip": "Current/U_MS_Exchange_2019_Edge_Server_V2R2_STIG_SCAP_1-4_Benchmark-enhancedV1-signed.zip",
  "title": "Microsoft Exchange 2019 Edge Server STIG SCAP Benchmark - NIWC Enhanced with Manual Questions"
}

