+ /opt/hostedtoolcache/Python/3.12.14/x64/bin/python /home/runner/work/scap-ng/scap-ng/scap-ng/tools/scap14_rule_splitter.py niwc/Current/U_MS_IIS_10-0_Site_V2R14_STIG_SCAP_1-4_Benchmark-enhancedV19-signed.zip --output-dir work/split-ms_iis_10-0_site --schema scap-ng/third_party/scap-1.4-schemas/omni-schema.xsd --source-revision 8c8e5dff860af6b1290ee9273a282db24278f8d5 --source-repository-path Current/U_MS_IIS_10-0_Site_V2R14_STIG_SCAP_1-4_Benchmark-enhancedV19-signed.zip --benchmark-key xccdf_navy.navwar.niwcatlantic.scc_benchmark_iis_10-0_site_stig --fail-on-unresolved
{
  "ambiguous_definition_references": 0,
  "applicability_check_fact_refs": 10,
  "applicability_oval_definition_refs": 10,
  "applicability_schema_invalid": 0,
  "applicability_unique_oval_definitions": 10,
  "applicability_unresolved_references": 0,
  "cpe_inventory_refs": 1,
  "cpe_inventory_schema_invalid": 0,
  "cpe_inventory_split_valid": 1,
  "cpe_inventory_unresolved": 0,
  "rules_with_oval": 33,
  "rules_without_oval": 11,
  "schema_invalid": 0,
  "schema_valid": 33,
  "split_files": 33,
  "unresolved_references": 0,
  "xccdf_rules": 44
}
+ /opt/hostedtoolcache/Python/3.12.14/x64/bin/python /home/runner/work/scap-ng/scap-ng/scap-ng/tools/scap_upconvert_v003/convert_full_review.py --input niwc/Current/U_MS_IIS_10-0_Site_V2R14_STIG_SCAP_1-4_Benchmark-enhancedV19-signed.zip --sha256 0b97a739e3b9414fdc93d0bee9f2b71e9f0064ee716acb6bf64cef1cc39f29ae --benchmark-id niwc.ms_iis_10-0_site --platform-id product.ms_iis_10-0_site --platform-title Microsoft IIS 10.0 Site STIG SCAP Benchmark - NIWC Enhanced with Manual Questions --split-root work/split-ms_iis_10-0_site --output work/result/generated/ms_iis_10-0_site
{
  "status": "full_research_review_structural_and_representation_checks_passed",
  "rules": 44,
  "profiles": 9,
  "applicability": 11,
  "yaml_files": 130
}
{
  "benchmark_id": "niwc.ms_iis_10-0_site",
  "generated_fresh": true,
  "output": "work/result/generated/ms_iis_10-0_site",
  "platform_id": "product.ms_iis_10-0_site",
  "platform_title": "Microsoft IIS 10.0 Site STIG SCAP Benchmark - NIWC Enhanced with Manual Questions",
  "source_benchmark_id": "xccdf_navy.navwar.niwcatlantic.scc_benchmark_IIS_10-0_Site_STIG",
  "source_revision": "8c8e5dff860af6b1290ee9273a282db24278f8d5",
  "source_sha256": "0b97a739e3b9414fdc93d0bee9f2b71e9f0064ee716acb6bf64cef1cc39f29ae",
  "source_zip": "Current/U_MS_IIS_10-0_Site_V2R14_STIG_SCAP_1-4_Benchmark-enhancedV19-signed.zip",
  "title": "Microsoft IIS 10.0 Site STIG SCAP Benchmark - NIWC Enhanced with Manual Questions"
}

