+ /opt/hostedtoolcache/Python/3.12.14/x64/bin/python /home/runner/work/scap-ng/scap-ng/scap-ng/tools/scap14_rule_splitter.py niwc/Current/U_MS_OneDrive_V2R4_STIG_SCAP_1-4_Benchmark-enhancedV12-signed.zip --output-dir work/split-ms_onedrive --schema scap-ng/third_party/scap-1.4-schemas/omni-schema.xsd --source-revision 8c8e5dff860af6b1290ee9273a282db24278f8d5 --source-repository-path Current/U_MS_OneDrive_V2R4_STIG_SCAP_1-4_Benchmark-enhancedV12-signed.zip --benchmark-key xccdf_navy.navwar.niwcatlantic.scc_benchmark_microsoft_onedrive_stig --fail-on-unresolved
{
  "ambiguous_definition_references": 0,
  "applicability_check_fact_refs": 0,
  "applicability_oval_definition_refs": 0,
  "applicability_schema_invalid": 0,
  "applicability_unique_oval_definitions": 0,
  "applicability_unresolved_references": 0,
  "cpe_inventory_refs": 1,
  "cpe_inventory_schema_invalid": 0,
  "cpe_inventory_split_valid": 1,
  "cpe_inventory_unresolved": 0,
  "rules_with_oval": 12,
  "rules_without_oval": 0,
  "schema_invalid": 0,
  "schema_valid": 12,
  "split_files": 12,
  "unresolved_references": 0,
  "xccdf_rules": 12
}
+ /opt/hostedtoolcache/Python/3.12.14/x64/bin/python /home/runner/work/scap-ng/scap-ng/scap-ng/tools/scap_upconvert_v003/convert_full_review.py --input niwc/Current/U_MS_OneDrive_V2R4_STIG_SCAP_1-4_Benchmark-enhancedV12-signed.zip --sha256 144d5d76eefb0707d5afe95ad804f0ee7ca696b061c77093d33892a193f1e592 --benchmark-id niwc.ms_onedrive --platform-id product.ms_onedrive --platform-title Microsoft OneDrive STIG SCAP Benchmark - NIWC Enhanced with Manual Questions --split-root work/split-ms_onedrive --output work/result/generated/ms_onedrive
{
  "status": "full_research_review_structural_and_representation_checks_passed",
  "rules": 12,
  "profiles": 9,
  "applicability": 1,
  "yaml_files": 39
}
{
  "benchmark_id": "niwc.ms_onedrive",
  "generated_fresh": true,
  "output": "work/result/generated/ms_onedrive",
  "platform_id": "product.ms_onedrive",
  "platform_title": "Microsoft OneDrive STIG SCAP Benchmark - NIWC Enhanced with Manual Questions",
  "source_benchmark_id": "xccdf_navy.navwar.niwcatlantic.scc_benchmark_Microsoft_OneDrive_STIG",
  "source_revision": "8c8e5dff860af6b1290ee9273a282db24278f8d5",
  "source_sha256": "144d5d76eefb0707d5afe95ad804f0ee7ca696b061c77093d33892a193f1e592",
  "source_zip": "Current/U_MS_OneDrive_V2R4_STIG_SCAP_1-4_Benchmark-enhancedV12-signed.zip",
  "title": "Microsoft OneDrive STIG SCAP Benchmark - NIWC Enhanced with Manual Questions"
}

