+ /opt/hostedtoolcache/Python/3.12.14/x64/bin/python /home/runner/work/scap-ng/scap-ng/scap-ng/tools/scap14_rule_splitter.py niwc/Current/U_MS_SQL_Server_2022_Instance_V1R3_STIG_SCAP_1-4_Benchmark-enhancedV8-signed.zip --output-dir work/split-ms_sql_server_2022_instance --schema scap-ng/third_party/scap-1.4-schemas/omni-schema.xsd --source-revision 8c8e5dff860af6b1290ee9273a282db24278f8d5 --source-repository-path Current/U_MS_SQL_Server_2022_Instance_V1R3_STIG_SCAP_1-4_Benchmark-enhancedV8-signed.zip --benchmark-key xccdf_navy.navwar.niwcatlantic.scc_benchmark_ms_sql_server_2022_instance_stig --fail-on-unresolved
{
  "ambiguous_definition_references": 0,
  "applicability_check_fact_refs": 1,
  "applicability_oval_definition_refs": 1,
  "applicability_schema_invalid": 0,
  "applicability_unique_oval_definitions": 1,
  "applicability_unresolved_references": 0,
  "cpe_inventory_refs": 1,
  "cpe_inventory_schema_invalid": 0,
  "cpe_inventory_split_valid": 1,
  "cpe_inventory_unresolved": 0,
  "rules_with_oval": 48,
  "rules_without_oval": 31,
  "schema_invalid": 0,
  "schema_valid": 48,
  "split_files": 48,
  "unresolved_references": 0,
  "xccdf_rules": 79
}
+ /opt/hostedtoolcache/Python/3.12.14/x64/bin/python /home/runner/work/scap-ng/scap-ng/scap-ng/tools/scap_upconvert_v003/convert_full_review.py --input niwc/Current/U_MS_SQL_Server_2022_Instance_V1R3_STIG_SCAP_1-4_Benchmark-enhancedV8-signed.zip --sha256 5a05495768b1076a53ee6089949ba0209a0121d8728e766fd91b4b2442ad0f33 --benchmark-id niwc.ms_sql_server_2022_instance --platform-id product.ms_sql_server_2022_instance --platform-title MS SQL Server 2022 Instance STIG SCAP Benchmark - NIWC Enhanced with Manual Questions --split-root work/split-ms_sql_server_2022_instance --output work/result/generated/ms_sql_server_2022_instance
{
  "status": "full_research_review_structural_and_representation_checks_passed",
  "rules": 79,
  "profiles": 9,
  "applicability": 1,
  "yaml_files": 178
}
{
  "benchmark_id": "niwc.ms_sql_server_2022_instance",
  "generated_fresh": true,
  "output": "work/result/generated/ms_sql_server_2022_instance",
  "platform_id": "product.ms_sql_server_2022_instance",
  "platform_title": "MS SQL Server 2022 Instance STIG SCAP Benchmark - NIWC Enhanced with Manual Questions",
  "source_benchmark_id": "xccdf_navy.navwar.niwcatlantic.scc_benchmark_MS_SQL_Server_2022_Instance_STIG",
  "source_revision": "8c8e5dff860af6b1290ee9273a282db24278f8d5",
  "source_sha256": "5a05495768b1076a53ee6089949ba0209a0121d8728e766fd91b4b2442ad0f33",
  "source_zip": "Current/U_MS_SQL_Server_2022_Instance_V1R3_STIG_SCAP_1-4_Benchmark-enhancedV8-signed.zip",
  "title": "MS SQL Server 2022 Instance STIG SCAP Benchmark - NIWC Enhanced with Manual Questions"
}

