+ /opt/hostedtoolcache/Python/3.12.14/x64/bin/python /home/runner/work/scap-ng/scap-ng/scap-ng/tools/scap14_rule_splitter.py niwc/Current/U_MS_Windows_11_V2R10_STIG_SCAP_1-4_Benchmark-enhancedV18-signed.zip --output-dir work/split-ms_windows_11 --schema scap-ng/third_party/scap-1.4-schemas/omni-schema.xsd --source-revision 8c8e5dff860af6b1290ee9273a282db24278f8d5 --source-repository-path Current/U_MS_Windows_11_V2R10_STIG_SCAP_1-4_Benchmark-enhancedV18-signed.zip --benchmark-key xccdf_mil.disa.stig_benchmark_microsoft_windows_11_stig --fail-on-unresolved
{
  "ambiguous_definition_references": 0,
  "applicability_check_fact_refs": 6,
  "applicability_oval_definition_refs": 6,
  "applicability_schema_invalid": 0,
  "applicability_unique_oval_definitions": 6,
  "applicability_unresolved_references": 0,
  "cpe_inventory_refs": 1,
  "cpe_inventory_schema_invalid": 0,
  "cpe_inventory_split_valid": 1,
  "cpe_inventory_unresolved": 0,
  "rules_with_oval": 246,
  "rules_without_oval": 11,
  "schema_invalid": 0,
  "schema_valid": 246,
  "split_files": 246,
  "unresolved_references": 0,
  "xccdf_rules": 257
}
+ /opt/hostedtoolcache/Python/3.12.14/x64/bin/python /home/runner/work/scap-ng/scap-ng/scap-ng/tools/scap_upconvert_v003/convert_full_review.py --input niwc/Current/U_MS_Windows_11_V2R10_STIG_SCAP_1-4_Benchmark-enhancedV18-signed.zip --sha256 e4b8d55b58aa80124bd0974977af4c7f7bde35c748e2940e02857419292d8c3d --benchmark-id niwc.ms_windows_11 --platform-id product.ms_windows_11 --platform-title Microsoft Windows 11 STIG SCAP Benchmark - NIWC Enhanced with Manual Questions --split-root work/split-ms_windows_11 --output work/result/generated/ms_windows_11
{
  "status": "full_research_review_structural_and_representation_checks_passed",
  "rules": 257,
  "profiles": 11,
  "applicability": 6,
  "yaml_files": 767
}
{
  "benchmark_id": "niwc.ms_windows_11",
  "generated_fresh": true,
  "output": "work/result/generated/ms_windows_11",
  "platform_id": "product.ms_windows_11",
  "platform_title": "Microsoft Windows 11 STIG SCAP Benchmark - NIWC Enhanced with Manual Questions",
  "source_benchmark_id": "xccdf_mil.disa.stig_benchmark_Microsoft_Windows_11_STIG",
  "source_revision": "8c8e5dff860af6b1290ee9273a282db24278f8d5",
  "source_sha256": "e4b8d55b58aa80124bd0974977af4c7f7bde35c748e2940e02857419292d8c3d",
  "source_zip": "Current/U_MS_Windows_11_V2R10_STIG_SCAP_1-4_Benchmark-enhancedV18-signed.zip",
  "title": "Microsoft Windows 11 STIG SCAP Benchmark - NIWC Enhanced with Manual Questions"
}

