+ /opt/hostedtoolcache/Python/3.12.14/x64/bin/python /home/runner/work/scap-ng/scap-ng/scap-ng/tools/scap14_rule_splitter.py niwc/Current/U_MS_Windows_10_V3R7_STIG_SCAP_1-4_Benchmark-enhancedV17-signed.zip --output-dir work/split-ms_windows_10 --schema scap-ng/third_party/scap-1.4-schemas/omni-schema.xsd --source-revision 8c8e5dff860af6b1290ee9273a282db24278f8d5 --source-repository-path Current/U_MS_Windows_10_V3R7_STIG_SCAP_1-4_Benchmark-enhancedV17-signed.zip --benchmark-key xccdf_mil.disa.stig_benchmark_ms_windows_10_stig --fail-on-unresolved
{
  "ambiguous_definition_references": 0,
  "applicability_check_fact_refs": 11,
  "applicability_oval_definition_refs": 11,
  "applicability_schema_invalid": 0,
  "applicability_unique_oval_definitions": 10,
  "applicability_unresolved_references": 0,
  "cpe_inventory_refs": 1,
  "cpe_inventory_schema_invalid": 0,
  "cpe_inventory_split_valid": 1,
  "cpe_inventory_unresolved": 0,
  "rules_with_oval": 255,
  "rules_without_oval": 12,
  "schema_invalid": 0,
  "schema_valid": 255,
  "split_files": 255,
  "unresolved_references": 0,
  "xccdf_rules": 267
}
+ /opt/hostedtoolcache/Python/3.12.14/x64/bin/python /home/runner/work/scap-ng/scap-ng/scap-ng/tools/scap_upconvert_v003/convert_full_review.py --input niwc/Current/U_MS_Windows_10_V3R7_STIG_SCAP_1-4_Benchmark-enhancedV17-signed.zip --sha256 8562a9de2792fd97a3d2bc0a4950012a7b51a05d1514bfaf180db7b99bf3baee --benchmark-id niwc.ms_windows_10 --platform-id product.ms_windows_10 --platform-title Microsoft Windows 10 STIG SCAP Benchmark - NIWC Enhanced with Manual Questions --split-root work/split-ms_windows_10 --output work/result/generated/ms_windows_10
{
  "status": "full_research_review_structural_and_representation_checks_passed",
  "rules": 267,
  "profiles": 11,
  "applicability": 11,
  "yaml_files": 773
}
{
  "benchmark_id": "niwc.ms_windows_10",
  "generated_fresh": true,
  "output": "work/result/generated/ms_windows_10",
  "platform_id": "product.ms_windows_10",
  "platform_title": "Microsoft Windows 10 STIG SCAP Benchmark - NIWC Enhanced with Manual Questions",
  "source_benchmark_id": "xccdf_mil.disa.stig_benchmark_MS_Windows_10_STIG",
  "source_revision": "8c8e5dff860af6b1290ee9273a282db24278f8d5",
  "source_sha256": "8562a9de2792fd97a3d2bc0a4950012a7b51a05d1514bfaf180db7b99bf3baee",
  "source_zip": "Current/U_MS_Windows_10_V3R7_STIG_SCAP_1-4_Benchmark-enhancedV17-signed.zip",
  "title": "Microsoft Windows 10 STIG SCAP Benchmark - NIWC Enhanced with Manual Questions"
}

