+ /opt/hostedtoolcache/Python/3.12.14/x64/bin/python /home/runner/work/scap-ng/scap-ng/scap-ng/tools/scap14_rule_splitter.py niwc/Current/U_MS_Windows_Server_DNS_V2R3_STIG_SCAP_1-4_Benchmark-enhancedV8-signed.zip --output-dir work/split-ms_windows_server_dns --schema scap-ng/third_party/scap-1.4-schemas/omni-schema.xsd --source-revision 8c8e5dff860af6b1290ee9273a282db24278f8d5 --source-repository-path Current/U_MS_Windows_Server_DNS_V2R3_STIG_SCAP_1-4_Benchmark-enhancedV8-signed.zip --benchmark-key xccdf_navy.navwar.niwcatlantic.scc_benchmark_ms_windows_server_2022_dns_stig --fail-on-unresolved
{
  "ambiguous_definition_references": 0,
  "applicability_check_fact_refs": 2,
  "applicability_oval_definition_refs": 2,
  "applicability_schema_invalid": 0,
  "applicability_unique_oval_definitions": 2,
  "applicability_unresolved_references": 0,
  "cpe_inventory_refs": 1,
  "cpe_inventory_schema_invalid": 0,
  "cpe_inventory_split_valid": 1,
  "cpe_inventory_unresolved": 0,
  "rules_with_oval": 41,
  "rules_without_oval": 40,
  "schema_invalid": 0,
  "schema_valid": 41,
  "split_files": 41,
  "unresolved_references": 0,
  "xccdf_rules": 81
}
+ /opt/hostedtoolcache/Python/3.12.14/x64/bin/python /home/runner/work/scap-ng/scap-ng/scap-ng/tools/scap_upconvert_v003/convert_full_review.py --input niwc/Current/U_MS_Windows_Server_DNS_V2R3_STIG_SCAP_1-4_Benchmark-enhancedV8-signed.zip --sha256 f674b67e74acbd3037093d50e33dc20765bd9d45a6c9ed2be5d463d009a6c6b8 --benchmark-id niwc.ms_windows_server_dns --platform-id product.ms_windows_server_dns --platform-title Microsoft DNS Server STIG SCAP Benchmark - NIWC Enhanced with Manual Questions --split-root work/split-ms_windows_server_dns --output work/result/generated/ms_windows_server_dns
{
  "status": "full_research_review_structural_and_representation_checks_passed",
  "rules": 81,
  "profiles": 9,
  "applicability": 3,
  "yaml_files": 208
}
{
  "benchmark_id": "niwc.ms_windows_server_dns",
  "generated_fresh": true,
  "output": "work/result/generated/ms_windows_server_dns",
  "platform_id": "product.ms_windows_server_dns",
  "platform_title": "Microsoft DNS Server STIG SCAP Benchmark - NIWC Enhanced with Manual Questions",
  "source_benchmark_id": "xccdf_navy.navwar.niwcatlantic.scc_benchmark_MS_Windows_Server_2022_DNS_STIG",
  "source_revision": "8c8e5dff860af6b1290ee9273a282db24278f8d5",
  "source_sha256": "f674b67e74acbd3037093d50e33dc20765bd9d45a6c9ed2be5d463d009a6c6b8",
  "source_zip": "Current/U_MS_Windows_Server_DNS_V2R3_STIG_SCAP_1-4_Benchmark-enhancedV8-signed.zip",
  "title": "Microsoft DNS Server STIG SCAP Benchmark - NIWC Enhanced with Manual Questions"
}

