+ /opt/hostedtoolcache/Python/3.12.14/x64/bin/python /home/runner/work/scap-ng/scap-ng/scap-ng/tools/scap14_rule_splitter.py niwc/Current/U_RHEL_7_V3R15_STIG_SCAP_1-4_Benchmark-enhancedV19-signed.zip --output-dir work/split-rhel_7 --schema scap-ng/third_party/scap-1.4-schemas/omni-schema.xsd --source-revision 8c8e5dff860af6b1290ee9273a282db24278f8d5 --source-repository-path Current/U_RHEL_7_V3R15_STIG_SCAP_1-4_Benchmark-enhancedV19-signed.zip --benchmark-key xccdf_mil.disa.stig_benchmark_rhel_7_stig --fail-on-unresolved
{
  "ambiguous_definition_references": 0,
  "applicability_check_fact_refs": 0,
  "applicability_oval_definition_refs": 0,
  "applicability_schema_invalid": 0,
  "applicability_unique_oval_definitions": 0,
  "applicability_unresolved_references": 0,
  "cpe_inventory_refs": 2,
  "cpe_inventory_schema_invalid": 0,
  "cpe_inventory_split_valid": 2,
  "cpe_inventory_unresolved": 0,
  "rules_with_oval": 186,
  "rules_without_oval": 58,
  "schema_invalid": 0,
  "schema_valid": 186,
  "split_files": 186,
  "unresolved_references": 0,
  "xccdf_rules": 244
}
+ /opt/hostedtoolcache/Python/3.12.14/x64/bin/python /home/runner/work/scap-ng/scap-ng/scap-ng/tools/scap_upconvert_v003/convert_full_review.py --input niwc/Current/U_RHEL_7_V3R15_STIG_SCAP_1-4_Benchmark-enhancedV19-signed.zip --sha256 17c3ddd4d4ae40bd7ca3443dae0a0c9ed921444a57c34bff357f9f885e0d9ab8 --benchmark-id niwc.rhel_7 --platform-id product.rhel_7 --platform-title Red Hat Enterprise Linux 7 STIG SCAP Benchmark - NIWC Enhanced with Manual Questions --split-root work/split-rhel_7 --output work/result/generated/rhel_7
{
  "status": "full_research_review_structural_and_representation_checks_passed",
  "rules": 244,
  "profiles": 10,
  "applicability": 2,
  "yaml_files": 678
}
{
  "benchmark_id": "niwc.rhel_7",
  "generated_fresh": true,
  "output": "work/result/generated/rhel_7",
  "platform_id": "product.rhel_7",
  "platform_title": "Red Hat Enterprise Linux 7 STIG SCAP Benchmark - NIWC Enhanced with Manual Questions",
  "source_benchmark_id": "xccdf_mil.disa.stig_benchmark_RHEL_7_STIG",
  "source_revision": "8c8e5dff860af6b1290ee9273a282db24278f8d5",
  "source_sha256": "17c3ddd4d4ae40bd7ca3443dae0a0c9ed921444a57c34bff357f9f885e0d9ab8",
  "source_zip": "Current/U_RHEL_7_V3R15_STIG_SCAP_1-4_Benchmark-enhancedV19-signed.zip",
  "title": "Red Hat Enterprise Linux 7 STIG SCAP Benchmark - NIWC Enhanced with Manual Questions"
}

