+ /opt/hostedtoolcache/Python/3.12.14/x64/bin/python /home/runner/work/scap-ng/scap-ng/scap-ng/tools/scap14_rule_splitter.py niwc/Current/U_RHEL_9_V2R9_STIG_SCAP_1-4_Benchmark-enhancedV13-signed.zip --output-dir work/split-rhel_9 --schema scap-ng/third_party/scap-1.4-schemas/omni-schema.xsd --source-revision 8c8e5dff860af6b1290ee9273a282db24278f8d5 --source-repository-path Current/U_RHEL_9_V2R9_STIG_SCAP_1-4_Benchmark-enhancedV13-signed.zip --benchmark-key xccdf_mil.disa.stig_benchmark_rhel_9_stig --fail-on-unresolved
{
  "ambiguous_definition_references": 0,
  "applicability_check_fact_refs": 15,
  "applicability_oval_definition_refs": 15,
  "applicability_schema_invalid": 0,
  "applicability_unique_oval_definitions": 14,
  "applicability_unresolved_references": 0,
  "cpe_inventory_refs": 3,
  "cpe_inventory_schema_invalid": 0,
  "cpe_inventory_split_valid": 3,
  "cpe_inventory_unresolved": 0,
  "rules_with_oval": 418,
  "rules_without_oval": 27,
  "schema_invalid": 0,
  "schema_valid": 418,
  "split_files": 418,
  "unresolved_references": 0,
  "xccdf_rules": 445
}
+ /opt/hostedtoolcache/Python/3.12.14/x64/bin/python /home/runner/work/scap-ng/scap-ng/scap-ng/tools/scap_upconvert_v003/convert_full_review.py --input niwc/Current/U_RHEL_9_V2R9_STIG_SCAP_1-4_Benchmark-enhancedV13-signed.zip --sha256 70aa6a16221df2c53b094b11b48b16aca1f6d7147c11123b655659ca7711dbb5 --benchmark-id niwc.rhel_9 --platform-id product.rhel_9 --platform-title Red Hat Enterprise Linux 9 STIG SCAP Benchmark - NIWC Enhanced with Manual Questions --split-root work/split-rhel_9 --output work/result/generated/rhel_9
{
  "status": "full_research_review_structural_and_representation_checks_passed",
  "rules": 445,
  "profiles": 11,
  "applicability": 18,
  "yaml_files": 1328
}
{
  "benchmark_id": "niwc.rhel_9",
  "generated_fresh": true,
  "output": "work/result/generated/rhel_9",
  "platform_id": "product.rhel_9",
  "platform_title": "Red Hat Enterprise Linux 9 STIG SCAP Benchmark - NIWC Enhanced with Manual Questions",
  "source_benchmark_id": "xccdf_mil.disa.stig_benchmark_RHEL_9_STIG",
  "source_revision": "8c8e5dff860af6b1290ee9273a282db24278f8d5",
  "source_sha256": "70aa6a16221df2c53b094b11b48b16aca1f6d7147c11123b655659ca7711dbb5",
  "source_zip": "Current/U_RHEL_9_V2R9_STIG_SCAP_1-4_Benchmark-enhancedV13-signed.zip",
  "title": "Red Hat Enterprise Linux 9 STIG SCAP Benchmark - NIWC Enhanced with Manual Questions"
}

