+ /opt/hostedtoolcache/Python/3.12.14/x64/bin/python /home/runner/work/scap-ng/scap-ng/scap-ng/tools/scap14_rule_splitter.py niwc/Current/U_SLES_15_V2R9_STIG_SCAP_1-4_Benchmark-enhancedV19-signed.zip --output-dir work/split-sles_15 --schema scap-ng/third_party/scap-1.4-schemas/omni-schema.xsd --source-revision 8c8e5dff860af6b1290ee9273a282db24278f8d5 --source-repository-path Current/U_SLES_15_V2R9_STIG_SCAP_1-4_Benchmark-enhancedV19-signed.zip --benchmark-key xccdf_mil.disa.stig_benchmark_sles_15_stig --fail-on-unresolved
{
  "ambiguous_definition_references": 0,
  "applicability_check_fact_refs": 2,
  "applicability_oval_definition_refs": 2,
  "applicability_schema_invalid": 0,
  "applicability_unique_oval_definitions": 2,
  "applicability_unresolved_references": 0,
  "cpe_inventory_refs": 2,
  "cpe_inventory_schema_invalid": 0,
  "cpe_inventory_split_valid": 2,
  "cpe_inventory_unresolved": 0,
  "rules_with_oval": 135,
  "rules_without_oval": 83,
  "schema_invalid": 0,
  "schema_valid": 135,
  "split_files": 135,
  "unresolved_references": 0,
  "xccdf_rules": 218
}
+ /opt/hostedtoolcache/Python/3.12.14/x64/bin/python /home/runner/work/scap-ng/scap-ng/scap-ng/tools/scap_upconvert_v003/convert_full_review.py --input niwc/Current/U_SLES_15_V2R9_STIG_SCAP_1-4_Benchmark-enhancedV19-signed.zip --sha256 9f3905efe7cc8e7e15a3713db86abcec65367d36b771fb32d1f7755213436f9c --benchmark-id niwc.sles_15 --platform-id product.sles_15 --platform-title SUSE Linux Enterprise Server 15 STIG SCAP Benchmark - NIWC Enhanced with Manual Questions --split-root work/split-sles_15 --output work/result/generated/sles_15
{
  "status": "full_research_review_structural_and_representation_checks_passed",
  "rules": 218,
  "profiles": 11,
  "applicability": 4,
  "yaml_files": 577
}
{
  "benchmark_id": "niwc.sles_15",
  "generated_fresh": true,
  "output": "work/result/generated/sles_15",
  "platform_id": "product.sles_15",
  "platform_title": "SUSE Linux Enterprise Server 15 STIG SCAP Benchmark - NIWC Enhanced with Manual Questions",
  "source_benchmark_id": "xccdf_mil.disa.stig_benchmark_SLES_15_STIG",
  "source_revision": "8c8e5dff860af6b1290ee9273a282db24278f8d5",
  "source_sha256": "9f3905efe7cc8e7e15a3713db86abcec65367d36b771fb32d1f7755213436f9c",
  "source_zip": "Current/U_SLES_15_V2R9_STIG_SCAP_1-4_Benchmark-enhancedV19-signed.zip",
  "title": "SUSE Linux Enterprise Server 15 STIG SCAP Benchmark - NIWC Enhanced with Manual Questions"
}

