+ /opt/hostedtoolcache/Python/3.12.14/x64/bin/python /home/runner/work/scap-ng/scap-ng/scap-ng/tools/scap14_rule_splitter.py niwc/Current/U_SOL_11_SPARC_V3R5_STIG_SCAP_1-4_Benchmark-enhancedV18-signed.zip --output-dir work/split-sol_11_sparc --schema scap-ng/third_party/scap-1.4-schemas/omni-schema.xsd --source-revision 8c8e5dff860af6b1290ee9273a282db24278f8d5 --source-repository-path Current/U_SOL_11_SPARC_V3R5_STIG_SCAP_1-4_Benchmark-enhancedV18-signed.zip --benchmark-key xccdf_mil.disa.stig_benchmark_solaris_11_sparc_stig --fail-on-unresolved
{
  "ambiguous_definition_references": 0,
  "applicability_check_fact_refs": 1,
  "applicability_oval_definition_refs": 1,
  "applicability_schema_invalid": 0,
  "applicability_unique_oval_definitions": 1,
  "applicability_unresolved_references": 0,
  "cpe_inventory_refs": 1,
  "cpe_inventory_schema_invalid": 0,
  "cpe_inventory_split_valid": 1,
  "cpe_inventory_unresolved": 0,
  "rules_with_oval": 141,
  "rules_without_oval": 74,
  "schema_invalid": 0,
  "schema_valid": 141,
  "split_files": 141,
  "unresolved_references": 0,
  "xccdf_rules": 215
}
+ /opt/hostedtoolcache/Python/3.12.14/x64/bin/python /home/runner/work/scap-ng/scap-ng/scap-ng/tools/scap_upconvert_v003/convert_full_review.py --input niwc/Current/U_SOL_11_SPARC_V3R5_STIG_SCAP_1-4_Benchmark-enhancedV18-signed.zip --sha256 b8ae7486d503b46e25ca885cfd53b9b47c40f313b9b4117683f88102c7222b1d --benchmark-id niwc.sol_11_sparc --platform-id product.sol_11_sparc --platform-title Solaris 11 SPARC STIG SCAP Benchmark - NIWC Enhanced with Manual Questions --split-root work/split-sol_11_sparc --output work/result/generated/sol_11_sparc
{
  "status": "full_research_review_structural_and_representation_checks_passed",
  "rules": 215,
  "profiles": 10,
  "applicability": 2,
  "yaml_files": 575
}
{
  "benchmark_id": "niwc.sol_11_sparc",
  "generated_fresh": true,
  "output": "work/result/generated/sol_11_sparc",
  "platform_id": "product.sol_11_sparc",
  "platform_title": "Solaris 11 SPARC STIG SCAP Benchmark - NIWC Enhanced with Manual Questions",
  "source_benchmark_id": "xccdf_mil.disa.stig_benchmark_Solaris_11_SPARC_STIG",
  "source_revision": "8c8e5dff860af6b1290ee9273a282db24278f8d5",
  "source_sha256": "b8ae7486d503b46e25ca885cfd53b9b47c40f313b9b4117683f88102c7222b1d",
  "source_zip": "Current/U_SOL_11_SPARC_V3R5_STIG_SCAP_1-4_Benchmark-enhancedV18-signed.zip",
  "title": "Solaris 11 SPARC STIG SCAP Benchmark - NIWC Enhanced with Manual Questions"
}

