+ /opt/hostedtoolcache/Python/3.12.14/x64/bin/python /home/runner/work/scap-ng/scap-ng/scap-ng/tools/scap14_rule_splitter.py niwc/Current/U_TOSS_4_V2R7_STIG_SCAP_1-4_Benchmark-enhancedV8-signed.zip --output-dir work/split-toss_4 --schema scap-ng/third_party/scap-1.4-schemas/omni-schema.xsd --source-revision 8c8e5dff860af6b1290ee9273a282db24278f8d5 --source-repository-path Current/U_TOSS_4_V2R7_STIG_SCAP_1-4_Benchmark-enhancedV8-signed.zip --benchmark-key xccdf_mil.disa.stig_benchmark_toss_4_stig --fail-on-unresolved
{
  "ambiguous_definition_references": 0,
  "applicability_check_fact_refs": 6,
  "applicability_oval_definition_refs": 6,
  "applicability_schema_invalid": 0,
  "applicability_unique_oval_definitions": 6,
  "applicability_unresolved_references": 0,
  "cpe_inventory_refs": 1,
  "cpe_inventory_schema_invalid": 0,
  "cpe_inventory_split_valid": 1,
  "cpe_inventory_unresolved": 0,
  "rules_with_oval": 195,
  "rules_without_oval": 30,
  "schema_invalid": 0,
  "schema_valid": 195,
  "split_files": 195,
  "unresolved_references": 0,
  "xccdf_rules": 225
}
+ /opt/hostedtoolcache/Python/3.12.14/x64/bin/python /home/runner/work/scap-ng/scap-ng/scap-ng/tools/scap_upconvert_v003/convert_full_review.py --input niwc/Current/U_TOSS_4_V2R7_STIG_SCAP_1-4_Benchmark-enhancedV8-signed.zip --sha256 fbeda733bc200206f525d5667a8ec30be44a3865b0b48f58d837ad9f74a88b7d --benchmark-id niwc.toss_4 --platform-id product.toss_4 --platform-title Tri-Lab Operating System Stack (TOSS) 4 STIG SCAP Benchmark - NIWC Enhanced with Manual Questions --split-root work/split-toss_4 --output work/result/generated/toss_4
{
  "status": "full_research_review_structural_and_representation_checks_passed",
  "rules": 225,
  "profiles": 10,
  "applicability": 7,
  "yaml_files": 654
}
{
  "benchmark_id": "niwc.toss_4",
  "generated_fresh": true,
  "output": "work/result/generated/toss_4",
  "platform_id": "product.toss_4",
  "platform_title": "Tri-Lab Operating System Stack (TOSS) 4 STIG SCAP Benchmark - NIWC Enhanced with Manual Questions",
  "source_benchmark_id": "xccdf_mil.disa.stig_benchmark_TOSS_4_STIG",
  "source_revision": "8c8e5dff860af6b1290ee9273a282db24278f8d5",
  "source_sha256": "fbeda733bc200206f525d5667a8ec30be44a3865b0b48f58d837ad9f74a88b7d",
  "source_zip": "Current/U_TOSS_4_V2R7_STIG_SCAP_1-4_Benchmark-enhancedV8-signed.zip",
  "title": "Tri-Lab Operating System Stack (TOSS) 4 STIG SCAP Benchmark - NIWC Enhanced with Manual Questions"
}

