+ /opt/hostedtoolcache/Python/3.12.14/x64/bin/python /home/runner/work/scap-ng/scap-ng/scap-ng/tools/scap14_rule_splitter.py niwc/Current/U_Active_Directory_Domain_V3R6_STIG_SCAP_1-4_Benchmark-enhancedV2-signed.zip --output-dir work/split-U_Active_Directory_Domain_V3R6_STIG_SCAP_1-4_Benchmark-enhancedV2-signed --schema scap-ng/third_party/scap-1.4-schemas/omni-schema.xsd --source-revision 8c8e5dff860af6b1290ee9273a282db24278f8d5 --source-repository-path Current/U_Active_Directory_Domain_V3R6_STIG_SCAP_1-4_Benchmark-enhancedV2-signed.zip --benchmark-key xccdf_navy.navwar.niwcatlantic.scc_benchmark_active_directory_domain --fail-on-unresolved
{
  "ambiguous_definition_references": 0,
  "applicability_check_fact_refs": 2,
  "applicability_oval_definition_refs": 2,
  "applicability_schema_invalid": 0,
  "applicability_unique_oval_definitions": 2,
  "applicability_unresolved_references": 0,
  "cpe_inventory_refs": 1,
  "cpe_inventory_schema_invalid": 0,
  "cpe_inventory_split_valid": 1,
  "cpe_inventory_unresolved": 0,
  "rules_with_oval": 17,
  "rules_without_oval": 19,
  "schema_invalid": 0,
  "schema_valid": 17,
  "split_files": 17,
  "unresolved_references": 0,
  "xccdf_rules": 36
}
+ /opt/hostedtoolcache/Python/3.12.14/x64/bin/python /home/runner/work/scap-ng/scap-ng/scap-ng/tools/scap_upconvert_v003/convert_full_review.py --input niwc/Current/U_Active_Directory_Domain_V3R6_STIG_SCAP_1-4_Benchmark-enhancedV2-signed.zip --sha256 94740b7929dd868043ab1b476c3b568712fc26d045a4d450359cea90effbfa1c --benchmark-id niwc.active_directory_domain_v3r6_stig_scap_1-4_benchmark-enhancedv2-signed --platform-id product.active_directory_domain_v3r6_stig_scap_1-4_benchmark-enhancedv2-signed --platform-title Active Directory Domain STIG SCAP Benchmark - NIWC Enhanced with Manual Questions --split-root work/split-U_Active_Directory_Domain_V3R6_STIG_SCAP_1-4_Benchmark-enhancedV2-signed --output work/result/generated/U_Active_Directory_Domain_V3R6_STIG_SCAP_1-4_Benchmark-enhancedV2-signed
{
  "status": "full_research_review_structural_and_representation_checks_passed",
  "rules": 36,
  "profiles": 9,
  "applicability": 3,
  "yaml_files": 94
}
{
  "benchmark_id": "niwc.active_directory_domain_v3r6_stig_scap_1-4_benchmark-enhancedv2-signed",
  "generated_fresh": true,
  "output": "work/result/generated/U_Active_Directory_Domain_V3R6_STIG_SCAP_1-4_Benchmark-enhancedV2-signed",
  "platform_id": "product.active_directory_domain_v3r6_stig_scap_1-4_benchmark-enhancedv2-signed",
  "platform_title": "Active Directory Domain STIG SCAP Benchmark - NIWC Enhanced with Manual Questions",
  "source_benchmark_id": "xccdf_navy.navwar.niwcatlantic.scc_benchmark_Active_Directory_Domain",
  "source_revision": "8c8e5dff860af6b1290ee9273a282db24278f8d5",
  "source_sha256": "94740b7929dd868043ab1b476c3b568712fc26d045a4d450359cea90effbfa1c",
  "source_zip": "Current/U_Active_Directory_Domain_V3R6_STIG_SCAP_1-4_Benchmark-enhancedV2-signed.zip",
  "title": "Active Directory Domain STIG SCAP Benchmark - NIWC Enhanced with Manual Questions"
}

