+ /opt/hostedtoolcache/Python/3.12.14/x64/bin/python /home/runner/work/scap-ng/scap-ng/scap-ng/tools/scap14_rule_splitter.py niwc/Current/U_Adobe_Acrobat_Reader_DC_Continuous_V2R5_STIG_SCAP_1-4_Benchmark-enhancedV12-signed.zip --output-dir work/split-U_Adobe_Acrobat_Reader_DC_Continuous_V2R5_STIG_SCAP_1-4_Benchmark-enhancedV12-signed --schema scap-ng/third_party/scap-1.4-schemas/omni-schema.xsd --source-revision 8c8e5dff860af6b1290ee9273a282db24278f8d5 --source-repository-path Current/U_Adobe_Acrobat_Reader_DC_Continuous_V2R5_STIG_SCAP_1-4_Benchmark-enhancedV12-signed.zip --benchmark-key xccdf_mil.disa.stig_benchmark_adobe_acrobat_reader_dc_continuous_track_stig --fail-on-unresolved
{
  "ambiguous_definition_references": 0,
  "applicability_check_fact_refs": 0,
  "applicability_oval_definition_refs": 0,
  "applicability_schema_invalid": 0,
  "applicability_unique_oval_definitions": 0,
  "applicability_unresolved_references": 0,
  "cpe_inventory_refs": 1,
  "cpe_inventory_schema_invalid": 0,
  "cpe_inventory_split_valid": 1,
  "cpe_inventory_unresolved": 0,
  "rules_with_oval": 25,
  "rules_without_oval": 1,
  "schema_invalid": 0,
  "schema_valid": 25,
  "split_files": 25,
  "unresolved_references": 0,
  "xccdf_rules": 26
}
+ /opt/hostedtoolcache/Python/3.12.14/x64/bin/python /home/runner/work/scap-ng/scap-ng/scap-ng/tools/scap_upconvert_v003/convert_full_review.py --input niwc/Current/U_Adobe_Acrobat_Reader_DC_Continuous_V2R5_STIG_SCAP_1-4_Benchmark-enhancedV12-signed.zip --sha256 e1611d05432ed262238755cfee8fad770c4a76e064c915a10272c79448d5eb21 --benchmark-id niwc.adobe_acrobat_reader_dc_continuous_v2r5_stig_scap_1-4_benchmark-enhancedv12-signed --platform-id product.adobe_acrobat_reader_dc_continuous_v2r5_stig_scap_1-4_benchmark-enhancedv12-signed --platform-title Adobe Acrobat Reader DC Continuous Track STIG SCAP Benchmark - NIWC Enhanced with Manual Questions --split-root work/split-U_Adobe_Acrobat_Reader_DC_Continuous_V2R5_STIG_SCAP_1-4_Benchmark-enhancedV12-signed --output work/result/generated/U_Adobe_Acrobat_Reader_DC_Continuous_V2R5_STIG_SCAP_1-4_Benchmark-enhancedV12-signed
{
  "status": "full_research_review_structural_and_representation_checks_passed",
  "rules": 26,
  "profiles": 10,
  "applicability": 1,
  "yaml_files": 80
}
{
  "benchmark_id": "niwc.adobe_acrobat_reader_dc_continuous_v2r5_stig_scap_1-4_benchmark-enhancedv12-signed",
  "generated_fresh": true,
  "output": "work/result/generated/U_Adobe_Acrobat_Reader_DC_Continuous_V2R5_STIG_SCAP_1-4_Benchmark-enhancedV12-signed",
  "platform_id": "product.adobe_acrobat_reader_dc_continuous_v2r5_stig_scap_1-4_benchmark-enhancedv12-signed",
  "platform_title": "Adobe Acrobat Reader DC Continuous Track STIG SCAP Benchmark - NIWC Enhanced with Manual Questions",
  "source_benchmark_id": "xccdf_mil.disa.stig_benchmark_Adobe_Acrobat_Reader_DC_Continuous_Track_STIG",
  "source_revision": "8c8e5dff860af6b1290ee9273a282db24278f8d5",
  "source_sha256": "e1611d05432ed262238755cfee8fad770c4a76e064c915a10272c79448d5eb21",
  "source_zip": "Current/U_Adobe_Acrobat_Reader_DC_Continuous_V2R5_STIG_SCAP_1-4_Benchmark-enhancedV12-signed.zip",
  "title": "Adobe Acrobat Reader DC Continuous Track STIG SCAP Benchmark - NIWC Enhanced with Manual Questions"
}

