+ /opt/hostedtoolcache/Python/3.12.14/x64/bin/python /home/runner/work/scap-ng/scap-ng/scap-ng/tools/scap14_rule_splitter.py niwc/Current/U_Apple_macOS_15_V1R4_STIG_SCAP_1-4_Benchmark-enhancedV8-signed.zip --output-dir work/split-U_Apple_macOS_15_V1R4_STIG_SCAP_1-4_Benchmark-enhancedV8-signed --schema scap-ng/third_party/scap-1.4-schemas/omni-schema.xsd --source-revision 8c8e5dff860af6b1290ee9273a282db24278f8d5 --source-repository-path Current/U_Apple_macOS_15_V1R4_STIG_SCAP_1-4_Benchmark-enhancedV8-signed.zip --benchmark-key xccdf_gov.nist.mscp.content_benchmark_apple_macos_15_stig --fail-on-unresolved
{
  "ambiguous_definition_references": 0,
  "applicability_check_fact_refs": 0,
  "applicability_oval_definition_refs": 0,
  "applicability_schema_invalid": 0,
  "applicability_unique_oval_definitions": 0,
  "applicability_unresolved_references": 0,
  "cpe_inventory_refs": 1,
  "cpe_inventory_schema_invalid": 0,
  "cpe_inventory_split_valid": 1,
  "cpe_inventory_unresolved": 0,
  "rules_with_oval": 157,
  "rules_without_oval": 3,
  "schema_invalid": 0,
  "schema_valid": 157,
  "split_files": 157,
  "unresolved_references": 0,
  "xccdf_rules": 160
}
+ /opt/hostedtoolcache/Python/3.12.14/x64/bin/python /home/runner/work/scap-ng/scap-ng/scap-ng/tools/scap_upconvert_v003/convert_full_review.py --input niwc/Current/U_Apple_macOS_15_V1R4_STIG_SCAP_1-4_Benchmark-enhancedV8-signed.zip --sha256 da8ff53600d31adf8917b49a3bf3a7b4eb6188edde6d21fbdcf7b54eed9d3c19 --benchmark-id niwc.apple_macos_15_v1r4_stig_scap_1-4_benchmark-enhancedv8-signed --platform-id product.apple_macos_15_v1r4_stig_scap_1-4_benchmark-enhancedv8-signed --platform-title Apple macOS 15 (Sequoia) STIG SCAP Benchmark - NIWC Enhanced with Manual Questions --split-root work/split-U_Apple_macOS_15_V1R4_STIG_SCAP_1-4_Benchmark-enhancedV8-signed --output work/result/generated/U_Apple_macOS_15_V1R4_STIG_SCAP_1-4_Benchmark-enhancedV8-signed
{
  "status": "full_research_review_structural_and_representation_checks_passed",
  "rules": 160,
  "profiles": 9,
  "applicability": 1,
  "yaml_files": 480
}
{
  "benchmark_id": "niwc.apple_macos_15_v1r4_stig_scap_1-4_benchmark-enhancedv8-signed",
  "generated_fresh": true,
  "output": "work/result/generated/U_Apple_macOS_15_V1R4_STIG_SCAP_1-4_Benchmark-enhancedV8-signed",
  "platform_id": "product.apple_macos_15_v1r4_stig_scap_1-4_benchmark-enhancedv8-signed",
  "platform_title": "Apple macOS 15 (Sequoia) STIG SCAP Benchmark - NIWC Enhanced with Manual Questions",
  "source_benchmark_id": "xccdf_gov.nist.mscp.content_benchmark_Apple_macOS_15_STIG",
  "source_revision": "8c8e5dff860af6b1290ee9273a282db24278f8d5",
  "source_sha256": "da8ff53600d31adf8917b49a3bf3a7b4eb6188edde6d21fbdcf7b54eed9d3c19",
  "source_zip": "Current/U_Apple_macOS_15_V1R4_STIG_SCAP_1-4_Benchmark-enhancedV8-signed.zip",
  "title": "Apple macOS 15 (Sequoia) STIG SCAP Benchmark - NIWC Enhanced with Manual Questions"
}

