+ /opt/hostedtoolcache/Python/3.12.14/x64/bin/python /home/runner/work/scap-ng/scap-ng/scap-ng/tools/scap14_rule_splitter.py niwc/Current/U_Apache_Server_2-4_Windows_Server_V3R3_STIG_SCAP_1-4_Benchmark-enhancedV2-signed.zip --output-dir work/split-U_Apache_Server_2-4_Windows_Server_V3R3_STIG_SCAP_1-4_Benchmark-enhancedV2-signed --schema scap-ng/third_party/scap-1.4-schemas/omni-schema.xsd --source-revision 8c8e5dff860af6b1290ee9273a282db24278f8d5 --source-repository-path Current/U_Apache_Server_2-4_Windows_Server_V3R3_STIG_SCAP_1-4_Benchmark-enhancedV2-signed.zip --benchmark-key xccdf_navy.navwar.niwcatlantic.scc_benchmark_apache_server_2-4_windows_server_stig --fail-on-unresolved
{
  "ambiguous_definition_references": 0,
  "applicability_check_fact_refs": 0,
  "applicability_oval_definition_refs": 0,
  "applicability_schema_invalid": 0,
  "applicability_unique_oval_definitions": 0,
  "applicability_unresolved_references": 0,
  "cpe_inventory_refs": 1,
  "cpe_inventory_schema_invalid": 0,
  "cpe_inventory_split_valid": 1,
  "cpe_inventory_unresolved": 0,
  "rules_with_oval": 23,
  "rules_without_oval": 26,
  "schema_invalid": 0,
  "schema_valid": 23,
  "split_files": 23,
  "unresolved_references": 0,
  "xccdf_rules": 49
}
+ /opt/hostedtoolcache/Python/3.12.14/x64/bin/python /home/runner/work/scap-ng/scap-ng/scap-ng/tools/scap_upconvert_v003/convert_full_review.py --input niwc/Current/U_Apache_Server_2-4_Windows_Server_V3R3_STIG_SCAP_1-4_Benchmark-enhancedV2-signed.zip --sha256 d83045885c4e7eebe197d11b02f898ec41ecfac8da7949bc9a5b7538c8220408 --benchmark-id niwc.apache_server_2-4_windows_server_v3r3_stig_scap_1-4_benchmark-enhancedv2-signed --platform-id product.apache_server_2-4_windows_server_v3r3_stig_scap_1-4_benchmark-enhancedv2-signed --platform-title Apache Server 2.4 Windows STIG SCAP Benchmark - NIWC Enhanced with Manual Questions --split-root work/split-U_Apache_Server_2-4_Windows_Server_V3R3_STIG_SCAP_1-4_Benchmark-enhancedV2-signed --output work/result/generated/U_Apache_Server_2-4_Windows_Server_V3R3_STIG_SCAP_1-4_Benchmark-enhancedV2-signed
{
  "status": "full_research_review_structural_and_representation_checks_passed",
  "rules": 49,
  "profiles": 9,
  "applicability": 1,
  "yaml_files": 124
}
{
  "benchmark_id": "niwc.apache_server_2-4_windows_server_v3r3_stig_scap_1-4_benchmark-enhancedv2-signed",
  "generated_fresh": true,
  "output": "work/result/generated/U_Apache_Server_2-4_Windows_Server_V3R3_STIG_SCAP_1-4_Benchmark-enhancedV2-signed",
  "platform_id": "product.apache_server_2-4_windows_server_v3r3_stig_scap_1-4_benchmark-enhancedv2-signed",
  "platform_title": "Apache Server 2.4 Windows STIG SCAP Benchmark - NIWC Enhanced with Manual Questions",
  "source_benchmark_id": "xccdf_navy.navwar.niwcatlantic.scc_benchmark_Apache_Server_2-4_Windows_Server_STIG",
  "source_revision": "8c8e5dff860af6b1290ee9273a282db24278f8d5",
  "source_sha256": "d83045885c4e7eebe197d11b02f898ec41ecfac8da7949bc9a5b7538c8220408",
  "source_zip": "Current/U_Apache_Server_2-4_Windows_Server_V3R3_STIG_SCAP_1-4_Benchmark-enhancedV2-signed.zip",
  "title": "Apache Server 2.4 Windows STIG SCAP Benchmark - NIWC Enhanced with Manual Questions"
}

