+ /opt/hostedtoolcache/Python/3.12.14/x64/bin/python /home/runner/work/scap-ng/scap-ng/scap-ng/tools/scap14_rule_splitter.py niwc/Current/U_CAN_Ubuntu_18-04_LTS_V2R12_STIG_SCAP_1-4_Benchmark-enhancedV16-signed.zip --output-dir work/split-U_CAN_Ubuntu_18-04_LTS_V2R12_STIG_SCAP_1-4_Benchmark-enhancedV16-signed --schema scap-ng/third_party/scap-1.4-schemas/omni-schema.xsd --source-revision 8c8e5dff860af6b1290ee9273a282db24278f8d5 --source-repository-path Current/U_CAN_Ubuntu_18-04_LTS_V2R12_STIG_SCAP_1-4_Benchmark-enhancedV16-signed.zip --benchmark-key xccdf_mil.disa.stig_benchmark_can_ubuntu_18-04_stig --fail-on-unresolved
{
  "ambiguous_definition_references": 0,
  "applicability_check_fact_refs": 3,
  "applicability_oval_definition_refs": 3,
  "applicability_schema_invalid": 0,
  "applicability_unique_oval_definitions": 3,
  "applicability_unresolved_references": 0,
  "cpe_inventory_refs": 1,
  "cpe_inventory_schema_invalid": 0,
  "cpe_inventory_split_valid": 1,
  "cpe_inventory_unresolved": 0,
  "rules_with_oval": 129,
  "rules_without_oval": 47,
  "schema_invalid": 0,
  "schema_valid": 129,
  "split_files": 129,
  "unresolved_references": 0,
  "xccdf_rules": 176
}
+ /opt/hostedtoolcache/Python/3.12.14/x64/bin/python /home/runner/work/scap-ng/scap-ng/scap-ng/tools/scap_upconvert_v003/convert_full_review.py --input niwc/Current/U_CAN_Ubuntu_18-04_LTS_V2R12_STIG_SCAP_1-4_Benchmark-enhancedV16-signed.zip --sha256 1a9f72cf7a050359f0bc4ea73a12d5a9c5675c93fa594c8305a1e238cf3bbd49 --benchmark-id niwc.can_ubuntu_18-04_lts_v2r12_stig_scap_1-4_benchmark-enhancedv16-signed --platform-id product.can_ubuntu_18-04_lts_v2r12_stig_scap_1-4_benchmark-enhancedv16-signed --platform-title Canonical Ubuntu 18.04 LTS STIG SCAP Benchmark - NIWC Enhanced with Manual Questions --split-root work/split-U_CAN_Ubuntu_18-04_LTS_V2R12_STIG_SCAP_1-4_Benchmark-enhancedV16-signed --output work/result/generated/U_CAN_Ubuntu_18-04_LTS_V2R12_STIG_SCAP_1-4_Benchmark-enhancedV16-signed
{
  "status": "full_research_review_structural_and_representation_checks_passed",
  "rules": 176,
  "profiles": 11,
  "applicability": 4,
  "yaml_files": 487
}
{
  "benchmark_id": "niwc.can_ubuntu_18-04_lts_v2r12_stig_scap_1-4_benchmark-enhancedv16-signed",
  "generated_fresh": true,
  "output": "work/result/generated/U_CAN_Ubuntu_18-04_LTS_V2R12_STIG_SCAP_1-4_Benchmark-enhancedV16-signed",
  "platform_id": "product.can_ubuntu_18-04_lts_v2r12_stig_scap_1-4_benchmark-enhancedv16-signed",
  "platform_title": "Canonical Ubuntu 18.04 LTS STIG SCAP Benchmark - NIWC Enhanced with Manual Questions",
  "source_benchmark_id": "xccdf_mil.disa.stig_benchmark_CAN_Ubuntu_18-04_STIG",
  "source_revision": "8c8e5dff860af6b1290ee9273a282db24278f8d5",
  "source_sha256": "1a9f72cf7a050359f0bc4ea73a12d5a9c5675c93fa594c8305a1e238cf3bbd49",
  "source_zip": "Current/U_CAN_Ubuntu_18-04_LTS_V2R12_STIG_SCAP_1-4_Benchmark-enhancedV16-signed.zip",
  "title": "Canonical Ubuntu 18.04 LTS STIG SCAP Benchmark - NIWC Enhanced with Manual Questions"
}

