+ /opt/hostedtoolcache/Python/3.12.14/x64/bin/python /home/runner/work/scap-ng/scap-ng/scap-ng/tools/scap14_rule_splitter.py niwc/Current/U_CAN_Ubuntu_22-04_LTS_V2R7_STIG_SCAP_1-4_Benchmark-enhancedV10-signed.zip --output-dir work/split-U_CAN_Ubuntu_22-04_LTS_V2R7_STIG_SCAP_1-4_Benchmark-enhancedV10-signed --schema scap-ng/third_party/scap-1.4-schemas/omni-schema.xsd --source-revision 8c8e5dff860af6b1290ee9273a282db24278f8d5 --source-repository-path Current/U_CAN_Ubuntu_22-04_LTS_V2R7_STIG_SCAP_1-4_Benchmark-enhancedV10-signed.zip --benchmark-key xccdf_mil.disa.stig_benchmark_can_ubuntu_22-04_lts_stig --fail-on-unresolved
{
  "ambiguous_definition_references": 0,
  "applicability_check_fact_refs": 5,
  "applicability_oval_definition_refs": 5,
  "applicability_schema_invalid": 0,
  "applicability_unique_oval_definitions": 5,
  "applicability_unresolved_references": 0,
  "cpe_inventory_refs": 1,
  "cpe_inventory_schema_invalid": 0,
  "cpe_inventory_split_valid": 1,
  "cpe_inventory_unresolved": 0,
  "rules_with_oval": 175,
  "rules_without_oval": 13,
  "schema_invalid": 0,
  "schema_valid": 175,
  "split_files": 175,
  "unresolved_references": 0,
  "xccdf_rules": 188
}
+ /opt/hostedtoolcache/Python/3.12.14/x64/bin/python /home/runner/work/scap-ng/scap-ng/scap-ng/tools/scap_upconvert_v003/convert_full_review.py --input niwc/Current/U_CAN_Ubuntu_22-04_LTS_V2R7_STIG_SCAP_1-4_Benchmark-enhancedV10-signed.zip --sha256 dbbc87ffe6d0c84688993d96cd7007e76bf83b9206508109b586ccc5bf88b6b2 --benchmark-id niwc.can_ubuntu_22-04_lts_v2r7_stig_scap_1-4_benchmark-enhancedv10-signed --platform-id product.can_ubuntu_22-04_lts_v2r7_stig_scap_1-4_benchmark-enhancedv10-signed --platform-title Canonical Ubuntu 22.04 LTS STIG SCAP Benchmark - NIWC Enhanced with Manual Questions --split-root work/split-U_CAN_Ubuntu_22-04_LTS_V2R7_STIG_SCAP_1-4_Benchmark-enhancedV10-signed --output work/result/generated/U_CAN_Ubuntu_22-04_LTS_V2R7_STIG_SCAP_1-4_Benchmark-enhancedV10-signed
{
  "status": "full_research_review_structural_and_representation_checks_passed",
  "rules": 188,
  "profiles": 11,
  "applicability": 6,
  "yaml_files": 559
}
{
  "benchmark_id": "niwc.can_ubuntu_22-04_lts_v2r7_stig_scap_1-4_benchmark-enhancedv10-signed",
  "generated_fresh": true,
  "output": "work/result/generated/U_CAN_Ubuntu_22-04_LTS_V2R7_STIG_SCAP_1-4_Benchmark-enhancedV10-signed",
  "platform_id": "product.can_ubuntu_22-04_lts_v2r7_stig_scap_1-4_benchmark-enhancedv10-signed",
  "platform_title": "Canonical Ubuntu 22.04 LTS STIG SCAP Benchmark - NIWC Enhanced with Manual Questions",
  "source_benchmark_id": "xccdf_mil.disa.stig_benchmark_CAN_Ubuntu_22-04_LTS_STIG",
  "source_revision": "8c8e5dff860af6b1290ee9273a282db24278f8d5",
  "source_sha256": "dbbc87ffe6d0c84688993d96cd7007e76bf83b9206508109b586ccc5bf88b6b2",
  "source_zip": "Current/U_CAN_Ubuntu_22-04_LTS_V2R7_STIG_SCAP_1-4_Benchmark-enhancedV10-signed.zip",
  "title": "Canonical Ubuntu 22.04 LTS STIG SCAP Benchmark - NIWC Enhanced with Manual Questions"
}

