+ /opt/hostedtoolcache/Python/3.12.14/x64/bin/python /home/runner/work/scap-ng/scap-ng/scap-ng/tools/scap14_rule_splitter.py niwc/Current/U_Cisco_IOS_Router_NDM_V3R6_STIG_SCAP_1-4_Benchmark-enhancedV6-signed.zip --output-dir work/split-U_Cisco_IOS_Router_NDM_V3R6_STIG_SCAP_1-4_Benchmark-enhancedV6-signed --schema scap-ng/third_party/scap-1.4-schemas/omni-schema.xsd --source-revision 8c8e5dff860af6b1290ee9273a282db24278f8d5 --source-repository-path Current/U_Cisco_IOS_Router_NDM_V3R6_STIG_SCAP_1-4_Benchmark-enhancedV6-signed.zip --benchmark-key xccdf_navy.navwar.niwcatlantic.scc_benchmark_cisco_ios_router_ndm_stig --fail-on-unresolved
{
  "ambiguous_definition_references": 0,
  "applicability_check_fact_refs": 0,
  "applicability_oval_definition_refs": 0,
  "applicability_schema_invalid": 0,
  "applicability_unique_oval_definitions": 0,
  "applicability_unresolved_references": 0,
  "cpe_inventory_refs": 1,
  "cpe_inventory_schema_invalid": 0,
  "cpe_inventory_split_valid": 1,
  "cpe_inventory_unresolved": 0,
  "rules_with_oval": 29,
  "rules_without_oval": 6,
  "schema_invalid": 0,
  "schema_valid": 29,
  "split_files": 29,
  "unresolved_references": 0,
  "xccdf_rules": 35
}
+ /opt/hostedtoolcache/Python/3.12.14/x64/bin/python /home/runner/work/scap-ng/scap-ng/scap-ng/tools/scap_upconvert_v003/convert_full_review.py --input niwc/Current/U_Cisco_IOS_Router_NDM_V3R6_STIG_SCAP_1-4_Benchmark-enhancedV6-signed.zip --sha256 cc90109437f9e26ab5ec6cbd43b6e83b1c60717b4da02ce0d5580a07bcdb147d --benchmark-id niwc.cisco_ios_router_ndm_v3r6_stig_scap_1-4_benchmark-enhancedv6-signed --platform-id product.cisco_ios_router_ndm_v3r6_stig_scap_1-4_benchmark-enhancedv6-signed --platform-title Cisco IOS Router NDM STIG SCAP Benchmark - NIWC Enhanced with Manual Questions --split-root work/split-U_Cisco_IOS_Router_NDM_V3R6_STIG_SCAP_1-4_Benchmark-enhancedV6-signed --output work/result/generated/U_Cisco_IOS_Router_NDM_V3R6_STIG_SCAP_1-4_Benchmark-enhancedV6-signed
{
  "status": "full_research_review_structural_and_representation_checks_passed",
  "rules": 35,
  "profiles": 9,
  "applicability": 1,
  "yaml_files": 102
}
{
  "benchmark_id": "niwc.cisco_ios_router_ndm_v3r6_stig_scap_1-4_benchmark-enhancedv6-signed",
  "generated_fresh": true,
  "output": "work/result/generated/U_Cisco_IOS_Router_NDM_V3R6_STIG_SCAP_1-4_Benchmark-enhancedV6-signed",
  "platform_id": "product.cisco_ios_router_ndm_v3r6_stig_scap_1-4_benchmark-enhancedv6-signed",
  "platform_title": "Cisco IOS Router NDM STIG SCAP Benchmark - NIWC Enhanced with Manual Questions",
  "source_benchmark_id": "xccdf_navy.navwar.niwcatlantic.scc_benchmark_Cisco_IOS_Router_NDM_STIG",
  "source_revision": "8c8e5dff860af6b1290ee9273a282db24278f8d5",
  "source_sha256": "cc90109437f9e26ab5ec6cbd43b6e83b1c60717b4da02ce0d5580a07bcdb147d",
  "source_zip": "Current/U_Cisco_IOS_Router_NDM_V3R6_STIG_SCAP_1-4_Benchmark-enhancedV6-signed.zip",
  "title": "Cisco IOS Router NDM STIG SCAP Benchmark - NIWC Enhanced with Manual Questions"
}

