+ /opt/hostedtoolcache/Python/3.12.14/x64/bin/python /home/runner/work/scap-ng/scap-ng/scap-ng/tools/scap14_rule_splitter.py niwc/Current/U_Cisco_IOS-XE_Router_RTR_V3R5_STIG_SCAP_1-4_Benchmark-enhancedV18-signed.zip --output-dir work/split-U_Cisco_IOS-XE_Router_RTR_V3R5_STIG_SCAP_1-4_Benchmark-enhancedV18-signed --schema scap-ng/third_party/scap-1.4-schemas/omni-schema.xsd --source-revision 8c8e5dff860af6b1290ee9273a282db24278f8d5 --source-repository-path Current/U_Cisco_IOS-XE_Router_RTR_V3R5_STIG_SCAP_1-4_Benchmark-enhancedV18-signed.zip --benchmark-key xccdf_mil.disa.stig_benchmark_cisco_ios-xe_router_rtr_stig --fail-on-unresolved
{
  "ambiguous_definition_references": 0,
  "applicability_check_fact_refs": 0,
  "applicability_oval_definition_refs": 0,
  "applicability_schema_invalid": 0,
  "applicability_unique_oval_definitions": 0,
  "applicability_unresolved_references": 0,
  "cpe_inventory_refs": 1,
  "cpe_inventory_schema_invalid": 0,
  "cpe_inventory_split_valid": 1,
  "cpe_inventory_unresolved": 0,
  "rules_with_oval": 6,
  "rules_without_oval": 91,
  "schema_invalid": 0,
  "schema_valid": 6,
  "split_files": 6,
  "unresolved_references": 0,
  "xccdf_rules": 97
}
+ /opt/hostedtoolcache/Python/3.12.14/x64/bin/python /home/runner/work/scap-ng/scap-ng/scap-ng/tools/scap_upconvert_v003/convert_full_review.py --input niwc/Current/U_Cisco_IOS-XE_Router_RTR_V3R5_STIG_SCAP_1-4_Benchmark-enhancedV18-signed.zip --sha256 e2a2e23823d0610ca91c5ba2d73a952a4dbbb1afab7daf5874f6e416df50a095 --benchmark-id niwc.cisco_ios-xe_router_rtr_v3r5_stig_scap_1-4_benchmark-enhancedv18-signed --platform-id product.cisco_ios-xe_router_rtr_v3r5_stig_scap_1-4_benchmark-enhancedv18-signed --platform-title Cisco IOS XE Router RTR STIG SCAP Benchmark - NIWC Enhanced with Manual Questions --split-root work/split-U_Cisco_IOS-XE_Router_RTR_V3R5_STIG_SCAP_1-4_Benchmark-enhancedV18-signed --output work/result/generated/U_Cisco_IOS-XE_Router_RTR_V3R5_STIG_SCAP_1-4_Benchmark-enhancedV18-signed
{
  "status": "full_research_review_structural_and_representation_checks_passed",
  "rules": 97,
  "profiles": 10,
  "applicability": 1,
  "yaml_files": 203
}
{
  "benchmark_id": "niwc.cisco_ios-xe_router_rtr_v3r5_stig_scap_1-4_benchmark-enhancedv18-signed",
  "generated_fresh": true,
  "output": "work/result/generated/U_Cisco_IOS-XE_Router_RTR_V3R5_STIG_SCAP_1-4_Benchmark-enhancedV18-signed",
  "platform_id": "product.cisco_ios-xe_router_rtr_v3r5_stig_scap_1-4_benchmark-enhancedv18-signed",
  "platform_title": "Cisco IOS XE Router RTR STIG SCAP Benchmark - NIWC Enhanced with Manual Questions",
  "source_benchmark_id": "xccdf_mil.disa.stig_benchmark_Cisco_IOS-XE_Router_RTR_STIG",
  "source_revision": "8c8e5dff860af6b1290ee9273a282db24278f8d5",
  "source_sha256": "e2a2e23823d0610ca91c5ba2d73a952a4dbbb1afab7daf5874f6e416df50a095",
  "source_zip": "Current/U_Cisco_IOS-XE_Router_RTR_V3R5_STIG_SCAP_1-4_Benchmark-enhancedV18-signed.zip",
  "title": "Cisco IOS XE Router RTR STIG SCAP Benchmark - NIWC Enhanced with Manual Questions"
}

