+ /opt/hostedtoolcache/Python/3.12.14/x64/bin/python /home/runner/work/scap-ng/scap-ng/scap-ng/tools/scap14_rule_splitter.py niwc/Current/U_Google_Chrome_V2R11_STIG_SCAP_1-4_Benchmark-enhancedV16-signed.zip --output-dir work/split-U_Google_Chrome_V2R11_STIG_SCAP_1-4_Benchmark-enhancedV16-signed --schema scap-ng/third_party/scap-1.4-schemas/omni-schema.xsd --source-revision 8c8e5dff860af6b1290ee9273a282db24278f8d5 --source-repository-path Current/U_Google_Chrome_V2R11_STIG_SCAP_1-4_Benchmark-enhancedV16-signed.zip --benchmark-key xccdf_mil.disa.stig_benchmark_google_chrome_current_windows --fail-on-unresolved
{
  "ambiguous_definition_references": 0,
  "applicability_check_fact_refs": 0,
  "applicability_oval_definition_refs": 0,
  "applicability_schema_invalid": 0,
  "applicability_unique_oval_definitions": 0,
  "applicability_unresolved_references": 0,
  "cpe_inventory_refs": 1,
  "cpe_inventory_schema_invalid": 0,
  "cpe_inventory_split_valid": 1,
  "cpe_inventory_unresolved": 0,
  "rules_with_oval": 44,
  "rules_without_oval": 2,
  "schema_invalid": 0,
  "schema_valid": 44,
  "split_files": 44,
  "unresolved_references": 0,
  "xccdf_rules": 46
}
+ /opt/hostedtoolcache/Python/3.12.14/x64/bin/python /home/runner/work/scap-ng/scap-ng/scap-ng/tools/scap_upconvert_v003/convert_full_review.py --input niwc/Current/U_Google_Chrome_V2R11_STIG_SCAP_1-4_Benchmark-enhancedV16-signed.zip --sha256 78e58d9ce76f458e8c436de80cb2b30e15ebce35d1527bf6e38aca5069e6bfd1 --benchmark-id niwc.google_chrome_v2r11_stig_scap_1-4_benchmark-enhancedv16-signed --platform-id product.google_chrome_v2r11_stig_scap_1-4_benchmark-enhancedv16-signed --platform-title Google Chrome Current Windows STIG SCAP Benchmark - NIWC Enhanced with Manual Questions --split-root work/split-U_Google_Chrome_V2R11_STIG_SCAP_1-4_Benchmark-enhancedV16-signed --output work/result/generated/U_Google_Chrome_V2R11_STIG_SCAP_1-4_Benchmark-enhancedV16-signed
{
  "status": "full_research_review_structural_and_representation_checks_passed",
  "rules": 46,
  "profiles": 10,
  "applicability": 1,
  "yaml_files": 139
}
{
  "benchmark_id": "niwc.google_chrome_v2r11_stig_scap_1-4_benchmark-enhancedv16-signed",
  "generated_fresh": true,
  "output": "work/result/generated/U_Google_Chrome_V2R11_STIG_SCAP_1-4_Benchmark-enhancedV16-signed",
  "platform_id": "product.google_chrome_v2r11_stig_scap_1-4_benchmark-enhancedv16-signed",
  "platform_title": "Google Chrome Current Windows STIG SCAP Benchmark - NIWC Enhanced with Manual Questions",
  "source_benchmark_id": "xccdf_mil.disa.stig_benchmark_Google_Chrome_Current_Windows",
  "source_revision": "8c8e5dff860af6b1290ee9273a282db24278f8d5",
  "source_sha256": "78e58d9ce76f458e8c436de80cb2b30e15ebce35d1527bf6e38aca5069e6bfd1",
  "source_zip": "Current/U_Google_Chrome_V2R11_STIG_SCAP_1-4_Benchmark-enhancedV16-signed.zip",
  "title": "Google Chrome Current Windows STIG SCAP Benchmark - NIWC Enhanced with Manual Questions"
}

