+ /opt/hostedtoolcache/Python/3.12.14/x64/bin/python /home/runner/work/scap-ng/scap-ng/scap-ng/tools/scap14_rule_splitter.py niwc/Current/U_Kubernetes_V2R5_STIG_SCAP_1-4_Benchmark-enhancedV8-signed.zip --output-dir work/split-U_Kubernetes_V2R5_STIG_SCAP_1-4_Benchmark-enhancedV8-signed --schema scap-ng/third_party/scap-1.4-schemas/omni-schema.xsd --source-revision 8c8e5dff860af6b1290ee9273a282db24278f8d5 --source-repository-path Current/U_Kubernetes_V2R5_STIG_SCAP_1-4_Benchmark-enhancedV8-signed.zip --benchmark-key xccdf_mil.disa.stig_benchmark_kubernetes_stig --fail-on-unresolved
{
  "ambiguous_definition_references": 0,
  "applicability_check_fact_refs": 2,
  "applicability_oval_definition_refs": 2,
  "applicability_schema_invalid": 0,
  "applicability_unique_oval_definitions": 1,
  "applicability_unresolved_references": 0,
  "cpe_inventory_refs": 1,
  "cpe_inventory_schema_invalid": 0,
  "cpe_inventory_split_valid": 1,
  "cpe_inventory_unresolved": 0,
  "rules_with_oval": 61,
  "rules_without_oval": 31,
  "schema_invalid": 0,
  "schema_valid": 61,
  "split_files": 61,
  "unresolved_references": 0,
  "xccdf_rules": 92
}
+ /opt/hostedtoolcache/Python/3.12.14/x64/bin/python /home/runner/work/scap-ng/scap-ng/scap-ng/tools/scap_upconvert_v003/convert_full_review.py --input niwc/Current/U_Kubernetes_V2R5_STIG_SCAP_1-4_Benchmark-enhancedV8-signed.zip --sha256 3772f25da835952e83bdd3b230dbf2d73b42e9849e129982ce1efe6497e71ae0 --benchmark-id niwc.kubernetes_v2r5_stig_scap_1-4_benchmark-enhancedv8-signed --platform-id product.kubernetes_v2r5_stig_scap_1-4_benchmark-enhancedv8-signed --platform-title Kubernetes STIG SCAP Benchmark - NIWC Enhanced with Manual Questions --split-root work/split-U_Kubernetes_V2R5_STIG_SCAP_1-4_Benchmark-enhancedV8-signed --output work/result/generated/U_Kubernetes_V2R5_STIG_SCAP_1-4_Benchmark-enhancedV8-signed
{
  "status": "full_research_review_structural_and_representation_checks_passed",
  "rules": 92,
  "profiles": 10,
  "applicability": 3,
  "yaml_files": 250
}
{
  "benchmark_id": "niwc.kubernetes_v2r5_stig_scap_1-4_benchmark-enhancedv8-signed",
  "generated_fresh": true,
  "output": "work/result/generated/U_Kubernetes_V2R5_STIG_SCAP_1-4_Benchmark-enhancedV8-signed",
  "platform_id": "product.kubernetes_v2r5_stig_scap_1-4_benchmark-enhancedv8-signed",
  "platform_title": "Kubernetes STIG SCAP Benchmark - NIWC Enhanced with Manual Questions",
  "source_benchmark_id": "xccdf_mil.disa.stig_benchmark_Kubernetes_STIG",
  "source_revision": "8c8e5dff860af6b1290ee9273a282db24278f8d5",
  "source_sha256": "3772f25da835952e83bdd3b230dbf2d73b42e9849e129982ce1efe6497e71ae0",
  "source_zip": "Current/U_Kubernetes_V2R5_STIG_SCAP_1-4_Benchmark-enhancedV8-signed.zip",
  "title": "Kubernetes STIG SCAP Benchmark - NIWC Enhanced with Manual Questions"
}

