+ /opt/hostedtoolcache/Python/3.12.14/x64/bin/python /home/runner/work/scap-ng/scap-ng/scap-ng/tools/scap14_rule_splitter.py niwc/Current/U_MOZ_Firefox_Linux_V6R7_STIG_SCAP_1-4_Benchmark-enhancedV12-signed.zip --output-dir work/split-U_MOZ_Firefox_Linux_V6R7_STIG_SCAP_1-4_Benchmark-enhancedV12-signed --schema scap-ng/third_party/scap-1.4-schemas/omni-schema.xsd --source-revision 8c8e5dff860af6b1290ee9273a282db24278f8d5 --source-repository-path Current/U_MOZ_Firefox_Linux_V6R7_STIG_SCAP_1-4_Benchmark-enhancedV12-signed.zip --benchmark-key xccdf_mil.disa.stig_benchmark_moz_firefox_stig_linux --fail-on-unresolved
{
  "ambiguous_definition_references": 0,
  "applicability_check_fact_refs": 0,
  "applicability_oval_definition_refs": 0,
  "applicability_schema_invalid": 0,
  "applicability_unique_oval_definitions": 0,
  "applicability_unresolved_references": 0,
  "cpe_inventory_refs": 1,
  "cpe_inventory_schema_invalid": 0,
  "cpe_inventory_split_valid": 1,
  "cpe_inventory_unresolved": 0,
  "rules_with_oval": 30,
  "rules_without_oval": 3,
  "schema_invalid": 0,
  "schema_valid": 30,
  "split_files": 30,
  "unresolved_references": 0,
  "xccdf_rules": 33
}
+ /opt/hostedtoolcache/Python/3.12.14/x64/bin/python /home/runner/work/scap-ng/scap-ng/scap-ng/tools/scap_upconvert_v003/convert_full_review.py --input niwc/Current/U_MOZ_Firefox_Linux_V6R7_STIG_SCAP_1-4_Benchmark-enhancedV12-signed.zip --sha256 c8afb0321ec0db0c831ddbc617ae734b2af3369d914d5034a4595e1d4be9f3b7 --benchmark-id niwc.moz_firefox_linux_v6r7_stig_scap_1-4_benchmark-enhancedv12-signed --platform-id product.moz_firefox_linux_v6r7_stig_scap_1-4_benchmark-enhancedv12-signed --platform-title Mozilla Firefox for Linux STIG SCAP Benchmark - NIWC Enhanced with Manual Questions --split-root work/split-U_MOZ_Firefox_Linux_V6R7_STIG_SCAP_1-4_Benchmark-enhancedV12-signed --output work/result/generated/U_MOZ_Firefox_Linux_V6R7_STIG_SCAP_1-4_Benchmark-enhancedV12-signed
{
  "status": "full_research_review_structural_and_representation_checks_passed",
  "rules": 33,
  "profiles": 10,
  "applicability": 1,
  "yaml_files": 99
}
{
  "benchmark_id": "niwc.moz_firefox_linux_v6r7_stig_scap_1-4_benchmark-enhancedv12-signed",
  "generated_fresh": true,
  "output": "work/result/generated/U_MOZ_Firefox_Linux_V6R7_STIG_SCAP_1-4_Benchmark-enhancedV12-signed",
  "platform_id": "product.moz_firefox_linux_v6r7_stig_scap_1-4_benchmark-enhancedv12-signed",
  "platform_title": "Mozilla Firefox for Linux STIG SCAP Benchmark - NIWC Enhanced with Manual Questions",
  "source_benchmark_id": "xccdf_mil.disa.stig_benchmark_MOZ_Firefox_STIG_Linux",
  "source_revision": "8c8e5dff860af6b1290ee9273a282db24278f8d5",
  "source_sha256": "c8afb0321ec0db0c831ddbc617ae734b2af3369d914d5034a4595e1d4be9f3b7",
  "source_zip": "Current/U_MOZ_Firefox_Linux_V6R7_STIG_SCAP_1-4_Benchmark-enhancedV12-signed.zip",
  "title": "Mozilla Firefox for Linux STIG SCAP Benchmark - NIWC Enhanced with Manual Questions"
}

