+ /opt/hostedtoolcache/Python/3.12.14/x64/bin/python /home/runner/work/scap-ng/scap-ng/scap-ng/tools/scap14_rule_splitter.py niwc/Current/U_MS_IIS_8-5_Server_V2R7_STIG_SCAP_1-4_Benchmark-enhancedV13-signed.zip --output-dir work/split-U_MS_IIS_8-5_Server_V2R7_STIG_SCAP_1-4_Benchmark-enhancedV13-signed --schema scap-ng/third_party/scap-1.4-schemas/omni-schema.xsd --source-revision 8c8e5dff860af6b1290ee9273a282db24278f8d5 --source-repository-path Current/U_MS_IIS_8-5_Server_V2R7_STIG_SCAP_1-4_Benchmark-enhancedV13-signed.zip --benchmark-key xccdf_navy.navwar.niwcatlantic.scc_benchmark_iis_8-5_server_stig --fail-on-unresolved
{
  "ambiguous_definition_references": 0,
  "applicability_check_fact_refs": 0,
  "applicability_oval_definition_refs": 0,
  "applicability_schema_invalid": 0,
  "applicability_unique_oval_definitions": 0,
  "applicability_unresolved_references": 0,
  "cpe_inventory_refs": 1,
  "cpe_inventory_schema_invalid": 0,
  "cpe_inventory_split_valid": 1,
  "cpe_inventory_unresolved": 0,
  "rules_with_oval": 19,
  "rules_without_oval": 24,
  "schema_invalid": 0,
  "schema_valid": 19,
  "split_files": 19,
  "unresolved_references": 0,
  "xccdf_rules": 43
}
+ /opt/hostedtoolcache/Python/3.12.14/x64/bin/python /home/runner/work/scap-ng/scap-ng/scap-ng/tools/scap_upconvert_v003/convert_full_review.py --input niwc/Current/U_MS_IIS_8-5_Server_V2R7_STIG_SCAP_1-4_Benchmark-enhancedV13-signed.zip --sha256 3b2f7aa396dbfc647b73de8f7506a5bca1578ff5b79f96d40d13859da57613e4 --benchmark-id niwc.ms_iis_8-5_server_v2r7_stig_scap_1-4_benchmark-enhancedv13-signed --platform-id product.ms_iis_8-5_server_v2r7_stig_scap_1-4_benchmark-enhancedv13-signed --platform-title Microsoft IIS 8.5 Server STIG SCAP Benchmark - NIWC Enhanced with Manual Questions --split-root work/split-U_MS_IIS_8-5_Server_V2R7_STIG_SCAP_1-4_Benchmark-enhancedV13-signed --output work/result/generated/U_MS_IIS_8-5_Server_V2R7_STIG_SCAP_1-4_Benchmark-enhancedV13-signed
{
  "status": "full_research_review_structural_and_representation_checks_passed",
  "rules": 43,
  "profiles": 9,
  "applicability": 1,
  "yaml_files": 108
}
{
  "benchmark_id": "niwc.ms_iis_8-5_server_v2r7_stig_scap_1-4_benchmark-enhancedv13-signed",
  "generated_fresh": true,
  "output": "work/result/generated/U_MS_IIS_8-5_Server_V2R7_STIG_SCAP_1-4_Benchmark-enhancedV13-signed",
  "platform_id": "product.ms_iis_8-5_server_v2r7_stig_scap_1-4_benchmark-enhancedv13-signed",
  "platform_title": "Microsoft IIS 8.5 Server STIG SCAP Benchmark - NIWC Enhanced with Manual Questions",
  "source_benchmark_id": "xccdf_navy.navwar.niwcatlantic.scc_benchmark_IIS_8-5_Server_STIG",
  "source_revision": "8c8e5dff860af6b1290ee9273a282db24278f8d5",
  "source_sha256": "3b2f7aa396dbfc647b73de8f7506a5bca1578ff5b79f96d40d13859da57613e4",
  "source_zip": "Current/U_MS_IIS_8-5_Server_V2R7_STIG_SCAP_1-4_Benchmark-enhancedV13-signed.zip",
  "title": "Microsoft IIS 8.5 Server STIG SCAP Benchmark - NIWC Enhanced with Manual Questions"
}

