+ /opt/hostedtoolcache/Python/3.12.14/x64/bin/python /home/runner/work/scap-ng/scap-ng/scap-ng/tools/scap14_rule_splitter.py niwc/Current/U_MS_Windows_Defender_Firewall_V2R3_STIG_SCAP_1-4_Benchmark-enhancedV14-signed.zip --output-dir work/split-U_MS_Windows_Defender_Firewall_V2R3_STIG_SCAP_1-4_Benchmark-enhancedV14-signed --schema scap-ng/third_party/scap-1.4-schemas/omni-schema.xsd --source-revision 8c8e5dff860af6b1290ee9273a282db24278f8d5 --source-repository-path Current/U_MS_Windows_Defender_Firewall_V2R3_STIG_SCAP_1-4_Benchmark-enhancedV14-signed.zip --benchmark-key xccdf_mil.disa.stig_benchmark_windows_firewall_with_advanced_security --fail-on-unresolved
{
  "ambiguous_definition_references": 0,
  "applicability_check_fact_refs": 0,
  "applicability_oval_definition_refs": 0,
  "applicability_schema_invalid": 0,
  "applicability_unique_oval_definitions": 0,
  "applicability_unresolved_references": 0,
  "cpe_inventory_refs": 1,
  "cpe_inventory_schema_invalid": 0,
  "cpe_inventory_split_valid": 1,
  "cpe_inventory_unresolved": 0,
  "rules_with_oval": 20,
  "rules_without_oval": 1,
  "schema_invalid": 0,
  "schema_valid": 20,
  "split_files": 20,
  "unresolved_references": 0,
  "xccdf_rules": 21
}
+ /opt/hostedtoolcache/Python/3.12.14/x64/bin/python /home/runner/work/scap-ng/scap-ng/scap-ng/tools/scap_upconvert_v003/convert_full_review.py --input niwc/Current/U_MS_Windows_Defender_Firewall_V2R3_STIG_SCAP_1-4_Benchmark-enhancedV14-signed.zip --sha256 d16c868152e14bab0a1e2ecdfa6ec889972e068625d4d20d4ac3f861ff2009ca --benchmark-id niwc.ms_windows_defender_firewall_v2r3_stig_scap_1-4_benchmark-enhancedv14-signed --platform-id product.ms_windows_defender_firewall_v2r3_stig_scap_1-4_benchmark-enhancedv14-signed --platform-title Microsoft Windows Defender Firewall with Advanced Security STIG SCAP Benchmark - NIWC Enhanced with Manual Questions --split-root work/split-U_MS_Windows_Defender_Firewall_V2R3_STIG_SCAP_1-4_Benchmark-enhancedV14-signed --output work/result/generated/U_MS_Windows_Defender_Firewall_V2R3_STIG_SCAP_1-4_Benchmark-enhancedV14-signed
{
  "status": "full_research_review_structural_and_representation_checks_passed",
  "rules": 21,
  "profiles": 10,
  "applicability": 1,
  "yaml_files": 65
}
{
  "benchmark_id": "niwc.ms_windows_defender_firewall_v2r3_stig_scap_1-4_benchmark-enhancedv14-signed",
  "generated_fresh": true,
  "output": "work/result/generated/U_MS_Windows_Defender_Firewall_V2R3_STIG_SCAP_1-4_Benchmark-enhancedV14-signed",
  "platform_id": "product.ms_windows_defender_firewall_v2r3_stig_scap_1-4_benchmark-enhancedv14-signed",
  "platform_title": "Microsoft Windows Defender Firewall with Advanced Security STIG SCAP Benchmark - NIWC Enhanced with Manual Questions",
  "source_benchmark_id": "xccdf_mil.disa.stig_benchmark_Windows_Firewall_with_Advanced_Security",
  "source_revision": "8c8e5dff860af6b1290ee9273a282db24278f8d5",
  "source_sha256": "d16c868152e14bab0a1e2ecdfa6ec889972e068625d4d20d4ac3f861ff2009ca",
  "source_zip": "Current/U_MS_Windows_Defender_Firewall_V2R3_STIG_SCAP_1-4_Benchmark-enhancedV14-signed.zip",
  "title": "Microsoft Windows Defender Firewall with Advanced Security STIG SCAP Benchmark - NIWC Enhanced with Manual Questions"
}

