+ /opt/hostedtoolcache/Python/3.12.14/x64/bin/python /home/runner/work/scap-ng/scap-ng/scap-ng/tools/scap14_rule_splitter.py niwc/Current/U_MS_Edge_V2R5_STIG_SCAP_1-4_Benchmark-enhancedV16-signed.zip --output-dir work/split-U_MS_Edge_V2R5_STIG_SCAP_1-4_Benchmark-enhancedV16-signed --schema scap-ng/third_party/scap-1.4-schemas/omni-schema.xsd --source-revision 8c8e5dff860af6b1290ee9273a282db24278f8d5 --source-repository-path Current/U_MS_Edge_V2R5_STIG_SCAP_1-4_Benchmark-enhancedV16-signed.zip --benchmark-key xccdf_mil.disa.stig_benchmark_ms_edge_stig --fail-on-unresolved
{
  "ambiguous_definition_references": 0,
  "applicability_check_fact_refs": 0,
  "applicability_oval_definition_refs": 0,
  "applicability_schema_invalid": 0,
  "applicability_unique_oval_definitions": 0,
  "applicability_unresolved_references": 0,
  "cpe_inventory_refs": 1,
  "cpe_inventory_schema_invalid": 0,
  "cpe_inventory_split_valid": 1,
  "cpe_inventory_unresolved": 0,
  "rules_with_oval": 56,
  "rules_without_oval": 5,
  "schema_invalid": 0,
  "schema_valid": 56,
  "split_files": 56,
  "unresolved_references": 0,
  "xccdf_rules": 61
}
+ /opt/hostedtoolcache/Python/3.12.14/x64/bin/python /home/runner/work/scap-ng/scap-ng/scap-ng/tools/scap_upconvert_v003/convert_full_review.py --input niwc/Current/U_MS_Edge_V2R5_STIG_SCAP_1-4_Benchmark-enhancedV16-signed.zip --sha256 612a1ee2696ca6453cdc363f236c364549981b5ef84a4cc9144afb9dafc77339 --benchmark-id niwc.ms_edge_v2r5_stig_scap_1-4_benchmark-enhancedv16-signed --platform-id product.ms_edge_v2r5_stig_scap_1-4_benchmark-enhancedv16-signed --platform-title Microsoft Edge STIG SCAP Benchmark - NIWC Enhanced with Manual Questions --split-root work/split-U_MS_Edge_V2R5_STIG_SCAP_1-4_Benchmark-enhancedV16-signed --output work/result/generated/U_MS_Edge_V2R5_STIG_SCAP_1-4_Benchmark-enhancedV16-signed
{
  "status": "full_research_review_structural_and_representation_checks_passed",
  "rules": 61,
  "profiles": 10,
  "applicability": 1,
  "yaml_files": 181
}
{
  "benchmark_id": "niwc.ms_edge_v2r5_stig_scap_1-4_benchmark-enhancedv16-signed",
  "generated_fresh": true,
  "output": "work/result/generated/U_MS_Edge_V2R5_STIG_SCAP_1-4_Benchmark-enhancedV16-signed",
  "platform_id": "product.ms_edge_v2r5_stig_scap_1-4_benchmark-enhancedv16-signed",
  "platform_title": "Microsoft Edge STIG SCAP Benchmark - NIWC Enhanced with Manual Questions",
  "source_benchmark_id": "xccdf_mil.disa.stig_benchmark_MS_Edge_STIG",
  "source_revision": "8c8e5dff860af6b1290ee9273a282db24278f8d5",
  "source_sha256": "612a1ee2696ca6453cdc363f236c364549981b5ef84a4cc9144afb9dafc77339",
  "source_zip": "Current/U_MS_Edge_V2R5_STIG_SCAP_1-4_Benchmark-enhancedV16-signed.zip",
  "title": "Microsoft Edge STIG SCAP Benchmark - NIWC Enhanced with Manual Questions"
}

