+ /opt/hostedtoolcache/Python/3.12.14/x64/bin/python /home/runner/work/scap-ng/scap-ng/scap-ng/tools/scap14_rule_splitter.py niwc/Current/U_MS_IE11_V2R9_STIG_SCAP_1-4_Benchmark-enhancedV17-signed.zip --output-dir work/split-U_MS_IE11_V2R9_STIG_SCAP_1-4_Benchmark-enhancedV17-signed --schema scap-ng/third_party/scap-1.4-schemas/omni-schema.xsd --source-revision 8c8e5dff860af6b1290ee9273a282db24278f8d5 --source-repository-path Current/U_MS_IE11_V2R9_STIG_SCAP_1-4_Benchmark-enhancedV17-signed.zip --benchmark-key xccdf_mil.disa.stig_benchmark_ie_11_stig --fail-on-unresolved
{
  "ambiguous_definition_references": 0,
  "applicability_check_fact_refs": 0,
  "applicability_oval_definition_refs": 0,
  "applicability_schema_invalid": 0,
  "applicability_unique_oval_definitions": 0,
  "applicability_unresolved_references": 0,
  "cpe_inventory_refs": 1,
  "cpe_inventory_schema_invalid": 0,
  "cpe_inventory_split_valid": 1,
  "cpe_inventory_unresolved": 0,
  "rules_with_oval": 137,
  "rules_without_oval": 0,
  "schema_invalid": 0,
  "schema_valid": 137,
  "split_files": 137,
  "unresolved_references": 0,
  "xccdf_rules": 137
}
+ /opt/hostedtoolcache/Python/3.12.14/x64/bin/python /home/runner/work/scap-ng/scap-ng/scap-ng/tools/scap_upconvert_v003/convert_full_review.py --input niwc/Current/U_MS_IE11_V2R9_STIG_SCAP_1-4_Benchmark-enhancedV17-signed.zip --sha256 c0d20d64249769c052f8ff9ecef3ddffb2944064b6211a9c8afb3f6dfb962f81 --benchmark-id niwc.ms_ie11_v2r9_stig_scap_1-4_benchmark-enhancedv17-signed --platform-id product.ms_ie11_v2r9_stig_scap_1-4_benchmark-enhancedv17-signed --platform-title Microsoft Internet Explorer 11 STIG SCAP Benchmark - NIWC Enhanced with Manual Questions --split-root work/split-U_MS_IE11_V2R9_STIG_SCAP_1-4_Benchmark-enhancedV17-signed --output work/result/generated/U_MS_IE11_V2R9_STIG_SCAP_1-4_Benchmark-enhancedV17-signed
{
  "status": "full_research_review_structural_and_representation_checks_passed",
  "rules": 137,
  "profiles": 10,
  "applicability": 1,
  "yaml_files": 414
}
{
  "benchmark_id": "niwc.ms_ie11_v2r9_stig_scap_1-4_benchmark-enhancedv17-signed",
  "generated_fresh": true,
  "output": "work/result/generated/U_MS_IE11_V2R9_STIG_SCAP_1-4_Benchmark-enhancedV17-signed",
  "platform_id": "product.ms_ie11_v2r9_stig_scap_1-4_benchmark-enhancedv17-signed",
  "platform_title": "Microsoft Internet Explorer 11 STIG SCAP Benchmark - NIWC Enhanced with Manual Questions",
  "source_benchmark_id": "xccdf_mil.disa.stig_benchmark_IE_11_STIG",
  "source_revision": "8c8e5dff860af6b1290ee9273a282db24278f8d5",
  "source_sha256": "c0d20d64249769c052f8ff9ecef3ddffb2944064b6211a9c8afb3f6dfb962f81",
  "source_zip": "Current/U_MS_IE11_V2R9_STIG_SCAP_1-4_Benchmark-enhancedV17-signed.zip",
  "title": "Microsoft Internet Explorer 11 STIG SCAP Benchmark - NIWC Enhanced with Manual Questions"
}

