+ /opt/hostedtoolcache/Python/3.12.14/x64/bin/python /home/runner/work/scap-ng/scap-ng/scap-ng/tools/scap14_rule_splitter.py niwc/Current/U_MS_IIS_10-0_Server_V3R6_STIG_SCAP_1-4_Benchmark-enhancedV18-signed.zip --output-dir work/split-U_MS_IIS_10-0_Server_V3R6_STIG_SCAP_1-4_Benchmark-enhancedV18-signed --schema scap-ng/third_party/scap-1.4-schemas/omni-schema.xsd --source-revision 8c8e5dff860af6b1290ee9273a282db24278f8d5 --source-repository-path Current/U_MS_IIS_10-0_Server_V3R6_STIG_SCAP_1-4_Benchmark-enhancedV18-signed.zip --benchmark-key xccdf_navy.navwar.niwcatlantic.scc_benchmark_iis_10-0_server_stig --fail-on-unresolved
{
  "ambiguous_definition_references": 0,
  "applicability_check_fact_refs": 7,
  "applicability_oval_definition_refs": 7,
  "applicability_schema_invalid": 0,
  "applicability_unique_oval_definitions": 7,
  "applicability_unresolved_references": 0,
  "cpe_inventory_refs": 1,
  "cpe_inventory_schema_invalid": 0,
  "cpe_inventory_split_valid": 1,
  "cpe_inventory_unresolved": 0,
  "rules_with_oval": 25,
  "rules_without_oval": 15,
  "schema_invalid": 0,
  "schema_valid": 25,
  "split_files": 25,
  "unresolved_references": 0,
  "xccdf_rules": 40
}
+ /opt/hostedtoolcache/Python/3.12.14/x64/bin/python /home/runner/work/scap-ng/scap-ng/scap-ng/tools/scap_upconvert_v003/convert_full_review.py --input niwc/Current/U_MS_IIS_10-0_Server_V3R6_STIG_SCAP_1-4_Benchmark-enhancedV18-signed.zip --sha256 8bfa016748ea4c6478655a6777dc2aab9d601581b0429388e4d1ba0e3696ca1b --benchmark-id niwc.ms_iis_10-0_server_v3r6_stig_scap_1-4_benchmark-enhancedv18-signed --platform-id product.ms_iis_10-0_server_v3r6_stig_scap_1-4_benchmark-enhancedv18-signed --platform-title Microsoft IIS 10.0 Server STIG SCAP Benchmark - NIWC Enhanced with Manual Questions --split-root work/split-U_MS_IIS_10-0_Server_V3R6_STIG_SCAP_1-4_Benchmark-enhancedV18-signed --output work/result/generated/U_MS_IIS_10-0_Server_V3R6_STIG_SCAP_1-4_Benchmark-enhancedV18-signed
{
  "status": "full_research_review_structural_and_representation_checks_passed",
  "rules": 40,
  "profiles": 9,
  "applicability": 8,
  "yaml_files": 114
}
{
  "benchmark_id": "niwc.ms_iis_10-0_server_v3r6_stig_scap_1-4_benchmark-enhancedv18-signed",
  "generated_fresh": true,
  "output": "work/result/generated/U_MS_IIS_10-0_Server_V3R6_STIG_SCAP_1-4_Benchmark-enhancedV18-signed",
  "platform_id": "product.ms_iis_10-0_server_v3r6_stig_scap_1-4_benchmark-enhancedv18-signed",
  "platform_title": "Microsoft IIS 10.0 Server STIG SCAP Benchmark - NIWC Enhanced with Manual Questions",
  "source_benchmark_id": "xccdf_navy.navwar.niwcatlantic.scc_benchmark_IIS_10-0_Server_STIG",
  "source_revision": "8c8e5dff860af6b1290ee9273a282db24278f8d5",
  "source_sha256": "8bfa016748ea4c6478655a6777dc2aab9d601581b0429388e4d1ba0e3696ca1b",
  "source_zip": "Current/U_MS_IIS_10-0_Server_V3R6_STIG_SCAP_1-4_Benchmark-enhancedV18-signed.zip",
  "title": "Microsoft IIS 10.0 Server STIG SCAP Benchmark - NIWC Enhanced with Manual Questions"
}

