+ /opt/hostedtoolcache/Python/3.12.14/x64/bin/python /home/runner/work/scap-ng/scap-ng/scap-ng/tools/scap14_rule_splitter.py niwc/Current/U_MS_Windows_Server_2025_V1R1_STIG_SCAP_1-4_Benchmark-enhancedV1-signed.zip --output-dir work/split-U_MS_Windows_Server_2025_V1R1_STIG_SCAP_1-4_Benchmark-enhancedV1-signed --schema scap-ng/third_party/scap-1.4-schemas/omni-schema.xsd --source-revision 8c8e5dff860af6b1290ee9273a282db24278f8d5 --source-repository-path Current/U_MS_Windows_Server_2025_V1R1_STIG_SCAP_1-4_Benchmark-enhancedV1-signed.zip --benchmark-key xccdf_mil.disa.stig_benchmark_ms_windows_server_2025_stig --fail-on-unresolved
{
  "ambiguous_definition_references": 0,
  "applicability_check_fact_refs": 8,
  "applicability_oval_definition_refs": 8,
  "applicability_schema_invalid": 0,
  "applicability_unique_oval_definitions": 8,
  "applicability_unresolved_references": 0,
  "cpe_inventory_refs": 1,
  "cpe_inventory_schema_invalid": 0,
  "cpe_inventory_split_valid": 1,
  "cpe_inventory_unresolved": 0,
  "rules_with_oval": 261,
  "rules_without_oval": 30,
  "schema_invalid": 0,
  "schema_valid": 261,
  "split_files": 261,
  "unresolved_references": 0,
  "xccdf_rules": 291
}
+ /opt/hostedtoolcache/Python/3.12.14/x64/bin/python /home/runner/work/scap-ng/scap-ng/scap-ng/tools/scap_upconvert_v003/convert_full_review.py --input niwc/Current/U_MS_Windows_Server_2025_V1R1_STIG_SCAP_1-4_Benchmark-enhancedV1-signed.zip --sha256 2f46264b5fa21c8a033236121794ebe372314bf7458dac0aca4f81179fe7ece0 --benchmark-id niwc.ms_windows_server_2025_v1r1_stig_scap_1-4_benchmark-enhancedv1-signed --platform-id product.ms_windows_server_2025_v1r1_stig_scap_1-4_benchmark-enhancedv1-signed --platform-title Microsoft Windows Server 2025 STIG SCAP Benchmark - NIWC Enhanced with Manual Questions --split-root work/split-U_MS_Windows_Server_2025_V1R1_STIG_SCAP_1-4_Benchmark-enhancedV1-signed --output work/result/generated/U_MS_Windows_Server_2025_V1R1_STIG_SCAP_1-4_Benchmark-enhancedV1-signed
{
  "status": "full_research_review_structural_and_representation_checks_passed",
  "rules": 291,
  "profiles": 11,
  "applicability": 9,
  "yaml_files": 853
}
{
  "benchmark_id": "niwc.ms_windows_server_2025_v1r1_stig_scap_1-4_benchmark-enhancedv1-signed",
  "generated_fresh": true,
  "output": "work/result/generated/U_MS_Windows_Server_2025_V1R1_STIG_SCAP_1-4_Benchmark-enhancedV1-signed",
  "platform_id": "product.ms_windows_server_2025_v1r1_stig_scap_1-4_benchmark-enhancedv1-signed",
  "platform_title": "Microsoft Windows Server 2025 STIG SCAP Benchmark - NIWC Enhanced with Manual Questions",
  "source_benchmark_id": "xccdf_mil.disa.stig_benchmark_MS_Windows_Server_2025_STIG",
  "source_revision": "8c8e5dff860af6b1290ee9273a282db24278f8d5",
  "source_sha256": "2f46264b5fa21c8a033236121794ebe372314bf7458dac0aca4f81179fe7ece0",
  "source_zip": "Current/U_MS_Windows_Server_2025_V1R1_STIG_SCAP_1-4_Benchmark-enhancedV1-signed.zip",
  "title": "Microsoft Windows Server 2025 STIG SCAP Benchmark - NIWC Enhanced with Manual Questions"
}

