+ /opt/hostedtoolcache/Python/3.12.14/x64/bin/python /home/runner/work/scap-ng/scap-ng/scap-ng/tools/scap14_rule_splitter.py niwc/Current/U_MS_Exchange_2019_Mailbox_Server_V2R3_STIG_SCAP_1-4_Benchmark-enhancedV1-signed.zip --output-dir work/split-U_MS_Exchange_2019_Mailbox_Server_V2R3_STIG_SCAP_1-4_Benchmark-enhancedV1-signed --schema scap-ng/third_party/scap-1.4-schemas/omni-schema.xsd --source-revision 8c8e5dff860af6b1290ee9273a282db24278f8d5 --source-repository-path Current/U_MS_Exchange_2019_Mailbox_Server_V2R3_STIG_SCAP_1-4_Benchmark-enhancedV1-signed.zip --benchmark-key xccdf_navy.navwar.niwcatlantic.scc_benchmark_ms_exchange_2019_mailbox_server_stig --fail-on-unresolved
{
  "ambiguous_definition_references": 0,
  "applicability_check_fact_refs": 1,
  "applicability_oval_definition_refs": 1,
  "applicability_schema_invalid": 0,
  "applicability_unique_oval_definitions": 1,
  "applicability_unresolved_references": 0,
  "cpe_inventory_refs": 1,
  "cpe_inventory_schema_invalid": 0,
  "cpe_inventory_split_valid": 1,
  "cpe_inventory_unresolved": 0,
  "rules_with_oval": 51,
  "rules_without_oval": 15,
  "schema_invalid": 0,
  "schema_valid": 51,
  "split_files": 51,
  "unresolved_references": 0,
  "xccdf_rules": 66
}
+ /opt/hostedtoolcache/Python/3.12.14/x64/bin/python /home/runner/work/scap-ng/scap-ng/scap-ng/tools/scap_upconvert_v003/convert_full_review.py --input niwc/Current/U_MS_Exchange_2019_Mailbox_Server_V2R3_STIG_SCAP_1-4_Benchmark-enhancedV1-signed.zip --sha256 46497542771fd7841cd96745d61dbdeb8ccf0d082415dcfa64a6694bf365f8f9 --benchmark-id niwc.ms_exchange_2019_mailbox_server_v2r3_stig_scap_1-4_benchmark-enhancedv1-signed --platform-id product.ms_exchange_2019_mailbox_server_v2r3_stig_scap_1-4_benchmark-enhancedv1-signed --platform-title Microsoft Exchange 2019 Mailbox Server STIG SCAP Benchmark - NIWC Enhanced with Manual Questions --split-root work/split-U_MS_Exchange_2019_Mailbox_Server_V2R3_STIG_SCAP_1-4_Benchmark-enhancedV1-signed --output work/result/generated/U_MS_Exchange_2019_Mailbox_Server_V2R3_STIG_SCAP_1-4_Benchmark-enhancedV1-signed
{
  "status": "full_research_review_structural_and_representation_checks_passed",
  "rules": 66,
  "profiles": 9,
  "applicability": 2,
  "yaml_files": 187
}
{
  "benchmark_id": "niwc.ms_exchange_2019_mailbox_server_v2r3_stig_scap_1-4_benchmark-enhancedv1-signed",
  "generated_fresh": true,
  "output": "work/result/generated/U_MS_Exchange_2019_Mailbox_Server_V2R3_STIG_SCAP_1-4_Benchmark-enhancedV1-signed",
  "platform_id": "product.ms_exchange_2019_mailbox_server_v2r3_stig_scap_1-4_benchmark-enhancedv1-signed",
  "platform_title": "Microsoft Exchange 2019 Mailbox Server STIG SCAP Benchmark - NIWC Enhanced with Manual Questions",
  "source_benchmark_id": "xccdf_navy.navwar.niwcatlantic.scc_benchmark_MS_Exchange_2019_Mailbox_Server_STIG",
  "source_revision": "8c8e5dff860af6b1290ee9273a282db24278f8d5",
  "source_sha256": "46497542771fd7841cd96745d61dbdeb8ccf0d082415dcfa64a6694bf365f8f9",
  "source_zip": "Current/U_MS_Exchange_2019_Mailbox_Server_V2R3_STIG_SCAP_1-4_Benchmark-enhancedV1-signed.zip",
  "title": "Microsoft Exchange 2019 Mailbox Server STIG SCAP Benchmark - NIWC Enhanced with Manual Questions"
}

