+ /opt/hostedtoolcache/Python/3.12.14/x64/bin/python /home/runner/work/scap-ng/scap-ng/scap-ng/tools/scap14_rule_splitter.py niwc/Current/U_MS_Windows_Server_2022_V2R10_STIG_SCAP_1-4_Benchmark-enhancedV19-signed.zip --output-dir work/split-U_MS_Windows_Server_2022_V2R10_STIG_SCAP_1-4_Benchmark-enhancedV19-signed --schema scap-ng/third_party/scap-1.4-schemas/omni-schema.xsd --source-revision 8c8e5dff860af6b1290ee9273a282db24278f8d5 --source-repository-path Current/U_MS_Windows_Server_2022_V2R10_STIG_SCAP_1-4_Benchmark-enhancedV19-signed.zip --benchmark-key xccdf_mil.disa.stig_benchmark_ms_windows_server_2022_stig --fail-on-unresolved
{
  "ambiguous_definition_references": 0,
  "applicability_check_fact_refs": 7,
  "applicability_oval_definition_refs": 7,
  "applicability_schema_invalid": 0,
  "applicability_unique_oval_definitions": 7,
  "applicability_unresolved_references": 0,
  "cpe_inventory_refs": 1,
  "cpe_inventory_schema_invalid": 0,
  "cpe_inventory_split_valid": 1,
  "cpe_inventory_unresolved": 0,
  "rules_with_oval": 251,
  "rules_without_oval": 27,
  "schema_invalid": 0,
  "schema_valid": 251,
  "split_files": 251,
  "unresolved_references": 0,
  "xccdf_rules": 278
}
+ /opt/hostedtoolcache/Python/3.12.14/x64/bin/python /home/runner/work/scap-ng/scap-ng/scap-ng/tools/scap_upconvert_v003/convert_full_review.py --input niwc/Current/U_MS_Windows_Server_2022_V2R10_STIG_SCAP_1-4_Benchmark-enhancedV19-signed.zip --sha256 5ba5577961a13ded0d4e9a0c6603f93b8201b4fc74d23ef679eba7726e0182f4 --benchmark-id niwc.ms_windows_server_2022_v2r10_stig_scap_1-4_benchmark-enhancedv19-signed --platform-id product.ms_windows_server_2022_v2r10_stig_scap_1-4_benchmark-enhancedv19-signed --platform-title Microsoft Windows Server 2022 STIG SCAP Benchmark - NIWC Enhanced with Manual Questions --split-root work/split-U_MS_Windows_Server_2022_V2R10_STIG_SCAP_1-4_Benchmark-enhancedV19-signed --output work/result/generated/U_MS_Windows_Server_2022_V2R10_STIG_SCAP_1-4_Benchmark-enhancedV19-signed
{
  "status": "full_research_review_structural_and_representation_checks_passed",
  "rules": 278,
  "profiles": 11,
  "applicability": 8,
  "yaml_files": 816
}
{
  "benchmark_id": "niwc.ms_windows_server_2022_v2r10_stig_scap_1-4_benchmark-enhancedv19-signed",
  "generated_fresh": true,
  "output": "work/result/generated/U_MS_Windows_Server_2022_V2R10_STIG_SCAP_1-4_Benchmark-enhancedV19-signed",
  "platform_id": "product.ms_windows_server_2022_v2r10_stig_scap_1-4_benchmark-enhancedv19-signed",
  "platform_title": "Microsoft Windows Server 2022 STIG SCAP Benchmark - NIWC Enhanced with Manual Questions",
  "source_benchmark_id": "xccdf_mil.disa.stig_benchmark_MS_Windows_Server_2022_STIG",
  "source_revision": "8c8e5dff860af6b1290ee9273a282db24278f8d5",
  "source_sha256": "5ba5577961a13ded0d4e9a0c6603f93b8201b4fc74d23ef679eba7726e0182f4",
  "source_zip": "Current/U_MS_Windows_Server_2022_V2R10_STIG_SCAP_1-4_Benchmark-enhancedV19-signed.zip",
  "title": "Microsoft Windows Server 2022 STIG SCAP Benchmark - NIWC Enhanced with Manual Questions"
}

