+ /opt/hostedtoolcache/Python/3.12.14/x64/bin/python /home/runner/work/scap-ng/scap-ng/scap-ng/tools/scap14_rule_splitter.py niwc/Current/U_MS_Office_365_ProPlus_V3R8_STIG_SCAP_1-4_Benchmark-enhancedV11-signed.zip --output-dir work/split-U_MS_Office_365_ProPlus_V3R8_STIG_SCAP_1-4_Benchmark-enhancedV11-signed --schema scap-ng/third_party/scap-1.4-schemas/omni-schema.xsd --source-revision 8c8e5dff860af6b1290ee9273a282db24278f8d5 --source-repository-path Current/U_MS_Office_365_ProPlus_V3R8_STIG_SCAP_1-4_Benchmark-enhancedV11-signed.zip --benchmark-key xccdf_mil.disa.stig_benchmark_ms_office_365_proplus_stig --fail-on-unresolved
{
  "ambiguous_definition_references": 0,
  "applicability_check_fact_refs": 9,
  "applicability_oval_definition_refs": 9,
  "applicability_schema_invalid": 0,
  "applicability_unique_oval_definitions": 9,
  "applicability_unresolved_references": 0,
  "cpe_inventory_refs": 1,
  "cpe_inventory_schema_invalid": 0,
  "cpe_inventory_split_valid": 1,
  "cpe_inventory_unresolved": 0,
  "rules_with_oval": 138,
  "rules_without_oval": 1,
  "schema_invalid": 0,
  "schema_valid": 138,
  "split_files": 138,
  "unresolved_references": 0,
  "xccdf_rules": 139
}
+ /opt/hostedtoolcache/Python/3.12.14/x64/bin/python /home/runner/work/scap-ng/scap-ng/scap-ng/tools/scap_upconvert_v003/convert_full_review.py --input niwc/Current/U_MS_Office_365_ProPlus_V3R8_STIG_SCAP_1-4_Benchmark-enhancedV11-signed.zip --sha256 1129b2253c25cc52ff59a9c0a9a3213cf011cbccea801046514ec0ed8bb3c2eb --benchmark-id niwc.ms_office_365_proplus_v3r8_stig_scap_1-4_benchmark-enhancedv11-signed --platform-id product.ms_office_365_proplus_v3r8_stig_scap_1-4_benchmark-enhancedv11-signed --platform-title Microsoft Office 365 ProPlus STIG SCAP Benchmark - NIWC Enhanced with Manual Questions --split-root work/split-U_MS_Office_365_ProPlus_V3R8_STIG_SCAP_1-4_Benchmark-enhancedV11-signed --output work/result/generated/U_MS_Office_365_ProPlus_V3R8_STIG_SCAP_1-4_Benchmark-enhancedV11-signed
{
  "status": "full_research_review_structural_and_representation_checks_passed",
  "rules": 139,
  "profiles": 10,
  "applicability": 10,
  "yaml_files": 428
}
{
  "benchmark_id": "niwc.ms_office_365_proplus_v3r8_stig_scap_1-4_benchmark-enhancedv11-signed",
  "generated_fresh": true,
  "output": "work/result/generated/U_MS_Office_365_ProPlus_V3R8_STIG_SCAP_1-4_Benchmark-enhancedV11-signed",
  "platform_id": "product.ms_office_365_proplus_v3r8_stig_scap_1-4_benchmark-enhancedv11-signed",
  "platform_title": "Microsoft Office 365 ProPlus STIG SCAP Benchmark - NIWC Enhanced with Manual Questions",
  "source_benchmark_id": "xccdf_mil.disa.stig_benchmark_MS_Office_365_ProPlus_STIG",
  "source_revision": "8c8e5dff860af6b1290ee9273a282db24278f8d5",
  "source_sha256": "1129b2253c25cc52ff59a9c0a9a3213cf011cbccea801046514ec0ed8bb3c2eb",
  "source_zip": "Current/U_MS_Office_365_ProPlus_V3R8_STIG_SCAP_1-4_Benchmark-enhancedV11-signed.zip",
  "title": "Microsoft Office 365 ProPlus STIG SCAP Benchmark - NIWC Enhanced with Manual Questions"
}

