+ /opt/hostedtoolcache/Python/3.12.14/x64/bin/python /home/runner/work/scap-ng/scap-ng/scap-ng/tools/scap14_rule_splitter.py niwc/Current/U_MS_Windows_2012_and_2012_R2_DC_V3R6_STIG_SCAP_1-4_Benchmark-enhancedV13-signed.zip --output-dir work/split-U_MS_Windows_2012_and_2012_R2_DC_V3R6_STIG_SCAP_1-4_Benchmark-enhancedV13-signed --schema scap-ng/third_party/scap-1.4-schemas/omni-schema.xsd --source-revision 8c8e5dff860af6b1290ee9273a282db24278f8d5 --source-repository-path Current/U_MS_Windows_2012_and_2012_R2_DC_V3R6_STIG_SCAP_1-4_Benchmark-enhancedV13-signed.zip --benchmark-key xccdf_mil.disa.stig_benchmark_windows_2012_dc_stig --fail-on-unresolved
{
  "ambiguous_definition_references": 0,
  "applicability_check_fact_refs": 0,
  "applicability_oval_definition_refs": 0,
  "applicability_schema_invalid": 0,
  "applicability_unique_oval_definitions": 0,
  "applicability_unresolved_references": 0,
  "cpe_inventory_refs": 2,
  "cpe_inventory_schema_invalid": 0,
  "cpe_inventory_split_valid": 2,
  "cpe_inventory_unresolved": 0,
  "rules_with_oval": 268,
  "rules_without_oval": 96,
  "schema_invalid": 0,
  "schema_valid": 268,
  "split_files": 268,
  "unresolved_references": 0,
  "xccdf_rules": 364
}
+ /opt/hostedtoolcache/Python/3.12.14/x64/bin/python /home/runner/work/scap-ng/scap-ng/scap-ng/tools/scap_upconvert_v003/convert_full_review.py --input niwc/Current/U_MS_Windows_2012_and_2012_R2_DC_V3R6_STIG_SCAP_1-4_Benchmark-enhancedV13-signed.zip --sha256 ecba937d43efc0a72037eefb501b46a2e417158088b2f2699f2c86b68bd1de9c --benchmark-id niwc.ms_windows_2012_and_2012_r2_dc_v3r6_stig_scap_1-4_benchmark-enhancedv13-signed --platform-id product.ms_windows_2012_and_2012_r2_dc_v3r6_stig_scap_1-4_benchmark-enhancedv13-signed --platform-title Microsoft Windows Server 2012/2012 R2 Domain Controller STIG SCAP Benchmark - NIWC Enhanced with Manual Questions --split-root work/split-U_MS_Windows_2012_and_2012_R2_DC_V3R6_STIG_SCAP_1-4_Benchmark-enhancedV13-signed --output work/result/generated/U_MS_Windows_2012_and_2012_R2_DC_V3R6_STIG_SCAP_1-4_Benchmark-enhancedV13-signed
{
  "status": "full_research_review_structural_and_representation_checks_passed",
  "rules": 364,
  "profiles": 11,
  "applicability": 2,
  "yaml_files": 958
}
{
  "benchmark_id": "niwc.ms_windows_2012_and_2012_r2_dc_v3r6_stig_scap_1-4_benchmark-enhancedv13-signed",
  "generated_fresh": true,
  "output": "work/result/generated/U_MS_Windows_2012_and_2012_R2_DC_V3R6_STIG_SCAP_1-4_Benchmark-enhancedV13-signed",
  "platform_id": "product.ms_windows_2012_and_2012_r2_dc_v3r6_stig_scap_1-4_benchmark-enhancedv13-signed",
  "platform_title": "Microsoft Windows Server 2012/2012 R2 Domain Controller STIG SCAP Benchmark - NIWC Enhanced with Manual Questions",
  "source_benchmark_id": "xccdf_mil.disa.stig_benchmark_Windows_2012_DC_STIG",
  "source_revision": "8c8e5dff860af6b1290ee9273a282db24278f8d5",
  "source_sha256": "ecba937d43efc0a72037eefb501b46a2e417158088b2f2699f2c86b68bd1de9c",
  "source_zip": "Current/U_MS_Windows_2012_and_2012_R2_DC_V3R6_STIG_SCAP_1-4_Benchmark-enhancedV13-signed.zip",
  "title": "Microsoft Windows Server 2012/2012 R2 Domain Controller STIG SCAP Benchmark - NIWC Enhanced with Manual Questions"
}

