+ /opt/hostedtoolcache/Python/3.12.14/x64/bin/python /home/runner/work/scap-ng/scap-ng/scap-ng/tools/scap14_rule_splitter.py niwc/Current/U_MS_SQL_Server_2022_Database_V1R2_STIG_SCAP_1-4_Benchmark-enhancedV8-signed.zip --output-dir work/split-U_MS_SQL_Server_2022_Database_V1R2_STIG_SCAP_1-4_Benchmark-enhancedV8-signed --schema scap-ng/third_party/scap-1.4-schemas/omni-schema.xsd --source-revision 8c8e5dff860af6b1290ee9273a282db24278f8d5 --source-repository-path Current/U_MS_SQL_Server_2022_Database_V1R2_STIG_SCAP_1-4_Benchmark-enhancedV8-signed.zip --benchmark-key xccdf_navy.navwar.niwcatlantic.scc_benchmark_ms_sql_server_2022_database_stig --fail-on-unresolved
{
  "ambiguous_definition_references": 0,
  "applicability_check_fact_refs": 0,
  "applicability_oval_definition_refs": 0,
  "applicability_schema_invalid": 0,
  "applicability_unique_oval_definitions": 0,
  "applicability_unresolved_references": 0,
  "cpe_inventory_refs": 1,
  "cpe_inventory_schema_invalid": 0,
  "cpe_inventory_split_valid": 1,
  "cpe_inventory_unresolved": 0,
  "rules_with_oval": 16,
  "rules_without_oval": 7,
  "schema_invalid": 0,
  "schema_valid": 16,
  "split_files": 16,
  "unresolved_references": 0,
  "xccdf_rules": 23
}
+ /opt/hostedtoolcache/Python/3.12.14/x64/bin/python /home/runner/work/scap-ng/scap-ng/scap-ng/tools/scap_upconvert_v003/convert_full_review.py --input niwc/Current/U_MS_SQL_Server_2022_Database_V1R2_STIG_SCAP_1-4_Benchmark-enhancedV8-signed.zip --sha256 f278c41721a40c7a80e04e48353e42169747f215377eb63795058166a0b7ce48 --benchmark-id niwc.ms_sql_server_2022_database_v1r2_stig_scap_1-4_benchmark-enhancedv8-signed --platform-id product.ms_sql_server_2022_database_v1r2_stig_scap_1-4_benchmark-enhancedv8-signed --platform-title MS SQL Server 2022 Database STIG SCAP Benchmark - NIWC Enhanced with Manual Questions --split-root work/split-U_MS_SQL_Server_2022_Database_V1R2_STIG_SCAP_1-4_Benchmark-enhancedV8-signed --output work/result/generated/U_MS_SQL_Server_2022_Database_V1R2_STIG_SCAP_1-4_Benchmark-enhancedV8-signed
{
  "status": "full_research_review_structural_and_representation_checks_passed",
  "rules": 23,
  "profiles": 9,
  "applicability": 1,
  "yaml_files": 51
}
{
  "benchmark_id": "niwc.ms_sql_server_2022_database_v1r2_stig_scap_1-4_benchmark-enhancedv8-signed",
  "generated_fresh": true,
  "output": "work/result/generated/U_MS_SQL_Server_2022_Database_V1R2_STIG_SCAP_1-4_Benchmark-enhancedV8-signed",
  "platform_id": "product.ms_sql_server_2022_database_v1r2_stig_scap_1-4_benchmark-enhancedv8-signed",
  "platform_title": "MS SQL Server 2022 Database STIG SCAP Benchmark - NIWC Enhanced with Manual Questions",
  "source_benchmark_id": "xccdf_navy.navwar.niwcatlantic.scc_benchmark_MS_SQL_Server_2022_Database_STIG",
  "source_revision": "8c8e5dff860af6b1290ee9273a282db24278f8d5",
  "source_sha256": "f278c41721a40c7a80e04e48353e42169747f215377eb63795058166a0b7ce48",
  "source_zip": "Current/U_MS_SQL_Server_2022_Database_V1R2_STIG_SCAP_1-4_Benchmark-enhancedV8-signed.zip",
  "title": "MS SQL Server 2022 Database STIG SCAP Benchmark - NIWC Enhanced with Manual Questions"
}

