+ /opt/hostedtoolcache/Python/3.12.14/x64/bin/python /home/runner/work/scap-ng/scap-ng/scap-ng/tools/scap14_rule_splitter.py niwc/Current/U_Oracle_Linux_7_V3R3_STIG_SCAP_1-4_Benchmark-enhancedV16-signed.zip --output-dir work/split-U_Oracle_Linux_7_V3R3_STIG_SCAP_1-4_Benchmark-enhancedV16-signed --schema scap-ng/third_party/scap-1.4-schemas/omni-schema.xsd --source-revision 8c8e5dff860af6b1290ee9273a282db24278f8d5 --source-repository-path Current/U_Oracle_Linux_7_V3R3_STIG_SCAP_1-4_Benchmark-enhancedV16-signed.zip --benchmark-key xccdf_mil.disa.stig_benchmark_oracle_linux_7_stig --fail-on-unresolved
{
  "ambiguous_definition_references": 0,
  "applicability_check_fact_refs": 1,
  "applicability_oval_definition_refs": 1,
  "applicability_schema_invalid": 0,
  "applicability_unique_oval_definitions": 1,
  "applicability_unresolved_references": 0,
  "cpe_inventory_refs": 1,
  "cpe_inventory_schema_invalid": 0,
  "cpe_inventory_split_valid": 1,
  "cpe_inventory_unresolved": 0,
  "rules_with_oval": 171,
  "rules_without_oval": 72,
  "schema_invalid": 0,
  "schema_valid": 171,
  "split_files": 171,
  "unresolved_references": 0,
  "xccdf_rules": 243
}
+ /opt/hostedtoolcache/Python/3.12.14/x64/bin/python /home/runner/work/scap-ng/scap-ng/scap-ng/tools/scap_upconvert_v003/convert_full_review.py --input niwc/Current/U_Oracle_Linux_7_V3R3_STIG_SCAP_1-4_Benchmark-enhancedV16-signed.zip --sha256 0235429534dfc1149824f1a6b5144f73e16dc28d84d899c638cc5ede31da8c1a --benchmark-id niwc.oracle_linux_7_v3r3_stig_scap_1-4_benchmark-enhancedv16-signed --platform-id product.oracle_linux_7_v3r3_stig_scap_1-4_benchmark-enhancedv16-signed --platform-title Oracle Linux 7 STIG SCAP Benchmark - NIWC Enhanced with Manual Questions --split-root work/split-U_Oracle_Linux_7_V3R3_STIG_SCAP_1-4_Benchmark-enhancedV16-signed --output work/result/generated/U_Oracle_Linux_7_V3R3_STIG_SCAP_1-4_Benchmark-enhancedV16-signed
{
  "status": "full_research_review_structural_and_representation_checks_passed",
  "rules": 243,
  "profiles": 10,
  "applicability": 2,
  "yaml_files": 661
}
{
  "benchmark_id": "niwc.oracle_linux_7_v3r3_stig_scap_1-4_benchmark-enhancedv16-signed",
  "generated_fresh": true,
  "output": "work/result/generated/U_Oracle_Linux_7_V3R3_STIG_SCAP_1-4_Benchmark-enhancedV16-signed",
  "platform_id": "product.oracle_linux_7_v3r3_stig_scap_1-4_benchmark-enhancedv16-signed",
  "platform_title": "Oracle Linux 7 STIG SCAP Benchmark - NIWC Enhanced with Manual Questions",
  "source_benchmark_id": "xccdf_mil.disa.stig_benchmark_Oracle_Linux_7_STIG",
  "source_revision": "8c8e5dff860af6b1290ee9273a282db24278f8d5",
  "source_sha256": "0235429534dfc1149824f1a6b5144f73e16dc28d84d899c638cc5ede31da8c1a",
  "source_zip": "Current/U_Oracle_Linux_7_V3R3_STIG_SCAP_1-4_Benchmark-enhancedV16-signed.zip",
  "title": "Oracle Linux 7 STIG SCAP Benchmark - NIWC Enhanced with Manual Questions"
}

