+ /opt/hostedtoolcache/Python/3.12.14/x64/bin/python /home/runner/work/scap-ng/scap-ng/scap-ng/tools/scap14_rule_splitter.py niwc/Current/U_Oracle_Linux_8_V2R9_STIG_SCAP_1-4_Benchmark-enhancedV19-signed.zip --output-dir work/split-U_Oracle_Linux_8_V2R9_STIG_SCAP_1-4_Benchmark-enhancedV19-signed --schema scap-ng/third_party/scap-1.4-schemas/omni-schema.xsd --source-revision 8c8e5dff860af6b1290ee9273a282db24278f8d5 --source-repository-path Current/U_Oracle_Linux_8_V2R9_STIG_SCAP_1-4_Benchmark-enhancedV19-signed.zip --benchmark-key xccdf_mil.disa.stig_benchmark_oracle_linux_8_stig --fail-on-unresolved
{
  "ambiguous_definition_references": 0,
  "applicability_check_fact_refs": 21,
  "applicability_oval_definition_refs": 21,
  "applicability_schema_invalid": 0,
  "applicability_unique_oval_definitions": 20,
  "applicability_unresolved_references": 0,
  "cpe_inventory_refs": 1,
  "cpe_inventory_schema_invalid": 0,
  "cpe_inventory_split_valid": 1,
  "cpe_inventory_unresolved": 0,
  "rules_with_oval": 324,
  "rules_without_oval": 52,
  "schema_invalid": 0,
  "schema_valid": 324,
  "split_files": 324,
  "unresolved_references": 0,
  "xccdf_rules": 376
}
+ /opt/hostedtoolcache/Python/3.12.14/x64/bin/python /home/runner/work/scap-ng/scap-ng/scap-ng/tools/scap_upconvert_v003/convert_full_review.py --input niwc/Current/U_Oracle_Linux_8_V2R9_STIG_SCAP_1-4_Benchmark-enhancedV19-signed.zip --sha256 e811aadd425862d0483cb314b8f8f3efe31547dbf287d89da8c3b64efcb09a29 --benchmark-id niwc.oracle_linux_8_v2r9_stig_scap_1-4_benchmark-enhancedv19-signed --platform-id product.oracle_linux_8_v2r9_stig_scap_1-4_benchmark-enhancedv19-signed --platform-title Oracle Linux 8 STIG SCAP Benchmark - NIWC Enhanced with Manual Questions --split-root work/split-U_Oracle_Linux_8_V2R9_STIG_SCAP_1-4_Benchmark-enhancedV19-signed --output work/result/generated/U_Oracle_Linux_8_V2R9_STIG_SCAP_1-4_Benchmark-enhancedV19-signed
{
  "status": "full_research_review_structural_and_representation_checks_passed",
  "rules": 376,
  "profiles": 11,
  "applicability": 22,
  "yaml_files": 1100
}
{
  "benchmark_id": "niwc.oracle_linux_8_v2r9_stig_scap_1-4_benchmark-enhancedv19-signed",
  "generated_fresh": true,
  "output": "work/result/generated/U_Oracle_Linux_8_V2R9_STIG_SCAP_1-4_Benchmark-enhancedV19-signed",
  "platform_id": "product.oracle_linux_8_v2r9_stig_scap_1-4_benchmark-enhancedv19-signed",
  "platform_title": "Oracle Linux 8 STIG SCAP Benchmark - NIWC Enhanced with Manual Questions",
  "source_benchmark_id": "xccdf_mil.disa.stig_benchmark_Oracle_Linux_8_STIG",
  "source_revision": "8c8e5dff860af6b1290ee9273a282db24278f8d5",
  "source_sha256": "e811aadd425862d0483cb314b8f8f3efe31547dbf287d89da8c3b64efcb09a29",
  "source_zip": "Current/U_Oracle_Linux_8_V2R9_STIG_SCAP_1-4_Benchmark-enhancedV19-signed.zip",
  "title": "Oracle Linux 8 STIG SCAP Benchmark - NIWC Enhanced with Manual Questions"
}

