+ /opt/hostedtoolcache/Python/3.12.14/x64/bin/python /home/runner/work/scap-ng/scap-ng/scap-ng/tools/scap14_rule_splitter.py niwc/Current/U_RHEL_8_V2R8_STIG_SCAP_1-4_Benchmark-enhancedV22-signed.zip --output-dir work/split-U_RHEL_8_V2R8_STIG_SCAP_1-4_Benchmark-enhancedV22-signed --schema scap-ng/third_party/scap-1.4-schemas/omni-schema.xsd --source-revision 8c8e5dff860af6b1290ee9273a282db24278f8d5 --source-repository-path Current/U_RHEL_8_V2R8_STIG_SCAP_1-4_Benchmark-enhancedV22-signed.zip --benchmark-key xccdf_mil.disa.stig_benchmark_rhel_8_stig --fail-on-unresolved
{
  "ambiguous_definition_references": 0,
  "applicability_check_fact_refs": 24,
  "applicability_oval_definition_refs": 24,
  "applicability_schema_invalid": 0,
  "applicability_unique_oval_definitions": 23,
  "applicability_unresolved_references": 0,
  "cpe_inventory_refs": 3,
  "cpe_inventory_schema_invalid": 0,
  "cpe_inventory_split_valid": 3,
  "cpe_inventory_unresolved": 0,
  "rules_with_oval": 337,
  "rules_without_oval": 32,
  "schema_invalid": 0,
  "schema_valid": 337,
  "split_files": 337,
  "unresolved_references": 0,
  "xccdf_rules": 369
}
+ /opt/hostedtoolcache/Python/3.12.14/x64/bin/python /home/runner/work/scap-ng/scap-ng/scap-ng/tools/scap_upconvert_v003/convert_full_review.py --input niwc/Current/U_RHEL_8_V2R8_STIG_SCAP_1-4_Benchmark-enhancedV22-signed.zip --sha256 7c3e8df208dd49ea0b9bbb4435e665b814bb69e9ad18853ac91b7f65b0be94b5 --benchmark-id niwc.rhel_8_v2r8_stig_scap_1-4_benchmark-enhancedv22-signed --platform-id product.rhel_8_v2r8_stig_scap_1-4_benchmark-enhancedv22-signed --platform-title Red Hat Enterprise Linux 8 STIG SCAP Benchmark - NIWC Enhanced with Manual Questions --split-root work/split-U_RHEL_8_V2R8_STIG_SCAP_1-4_Benchmark-enhancedV22-signed --output work/result/generated/U_RHEL_8_V2R8_STIG_SCAP_1-4_Benchmark-enhancedV22-signed
{
  "status": "full_research_review_structural_and_representation_checks_passed",
  "rules": 369,
  "profiles": 11,
  "applicability": 27,
  "yaml_files": 1104
}
{
  "benchmark_id": "niwc.rhel_8_v2r8_stig_scap_1-4_benchmark-enhancedv22-signed",
  "generated_fresh": true,
  "output": "work/result/generated/U_RHEL_8_V2R8_STIG_SCAP_1-4_Benchmark-enhancedV22-signed",
  "platform_id": "product.rhel_8_v2r8_stig_scap_1-4_benchmark-enhancedv22-signed",
  "platform_title": "Red Hat Enterprise Linux 8 STIG SCAP Benchmark - NIWC Enhanced with Manual Questions",
  "source_benchmark_id": "xccdf_mil.disa.stig_benchmark_RHEL_8_STIG",
  "source_revision": "8c8e5dff860af6b1290ee9273a282db24278f8d5",
  "source_sha256": "7c3e8df208dd49ea0b9bbb4435e665b814bb69e9ad18853ac91b7f65b0be94b5",
  "source_zip": "Current/U_RHEL_8_V2R8_STIG_SCAP_1-4_Benchmark-enhancedV22-signed.zip",
  "title": "Red Hat Enterprise Linux 8 STIG SCAP Benchmark - NIWC Enhanced with Manual Questions"
}

