+ /opt/hostedtoolcache/Python/3.12.14/x64/bin/python /home/runner/work/scap-ng/scap-ng/scap-ng/tools/scap14_rule_splitter.py niwc/Current/U_SLES_12_V3R5_STIG_SCAP_1-4_Benchmark-enhancedV17-signed.zip --output-dir work/split-U_SLES_12_V3R5_STIG_SCAP_1-4_Benchmark-enhancedV17-signed --schema scap-ng/third_party/scap-1.4-schemas/omni-schema.xsd --source-revision 8c8e5dff860af6b1290ee9273a282db24278f8d5 --source-repository-path Current/U_SLES_12_V3R5_STIG_SCAP_1-4_Benchmark-enhancedV17-signed.zip --benchmark-key xccdf_mil.disa.stig_benchmark_sles_12_stig --fail-on-unresolved
{
  "ambiguous_definition_references": 0,
  "applicability_check_fact_refs": 1,
  "applicability_oval_definition_refs": 1,
  "applicability_schema_invalid": 0,
  "applicability_unique_oval_definitions": 1,
  "applicability_unresolved_references": 0,
  "cpe_inventory_refs": 1,
  "cpe_inventory_schema_invalid": 0,
  "cpe_inventory_split_valid": 1,
  "cpe_inventory_unresolved": 0,
  "rules_with_oval": 121,
  "rules_without_oval": 89,
  "schema_invalid": 0,
  "schema_valid": 121,
  "split_files": 121,
  "unresolved_references": 0,
  "xccdf_rules": 210
}
+ /opt/hostedtoolcache/Python/3.12.14/x64/bin/python /home/runner/work/scap-ng/scap-ng/scap-ng/tools/scap_upconvert_v003/convert_full_review.py --input niwc/Current/U_SLES_12_V3R5_STIG_SCAP_1-4_Benchmark-enhancedV17-signed.zip --sha256 c19224227a7719b2b83499495349ca1050bcc9ab534410e69b44c2aed14dcaf5 --benchmark-id niwc.sles_12_v3r5_stig_scap_1-4_benchmark-enhancedv17-signed --platform-id product.sles_12_v3r5_stig_scap_1-4_benchmark-enhancedv17-signed --platform-title SUSE Linux Enterprise Server 12 STIG SCAP Benchmark - NIWC Enhanced with Manual Questions --split-root work/split-U_SLES_12_V3R5_STIG_SCAP_1-4_Benchmark-enhancedV17-signed --output work/result/generated/U_SLES_12_V3R5_STIG_SCAP_1-4_Benchmark-enhancedV17-signed
{
  "status": "full_research_review_structural_and_representation_checks_passed",
  "rules": 210,
  "profiles": 11,
  "applicability": 2,
  "yaml_files": 545
}
{
  "benchmark_id": "niwc.sles_12_v3r5_stig_scap_1-4_benchmark-enhancedv17-signed",
  "generated_fresh": true,
  "output": "work/result/generated/U_SLES_12_V3R5_STIG_SCAP_1-4_Benchmark-enhancedV17-signed",
  "platform_id": "product.sles_12_v3r5_stig_scap_1-4_benchmark-enhancedv17-signed",
  "platform_title": "SUSE Linux Enterprise Server 12 STIG SCAP Benchmark - NIWC Enhanced with Manual Questions",
  "source_benchmark_id": "xccdf_mil.disa.stig_benchmark_SLES_12_STIG",
  "source_revision": "8c8e5dff860af6b1290ee9273a282db24278f8d5",
  "source_sha256": "c19224227a7719b2b83499495349ca1050bcc9ab534410e69b44c2aed14dcaf5",
  "source_zip": "Current/U_SLES_12_V3R5_STIG_SCAP_1-4_Benchmark-enhancedV17-signed.zip",
  "title": "SUSE Linux Enterprise Server 12 STIG SCAP Benchmark - NIWC Enhanced with Manual Questions"
}

