+ /opt/hostedtoolcache/Python/3.12.14/x64/bin/python /home/runner/work/scap-ng/scap-ng/scap-ng/tools/scap14_rule_splitter.py niwc/Current/U_SOL_11_X86_V3R5_STIG_SCAP_1-4_Benchmark-enhancedV18-signed.zip --output-dir work/split-U_SOL_11_X86_V3R5_STIG_SCAP_1-4_Benchmark-enhancedV18-signed --schema scap-ng/third_party/scap-1.4-schemas/omni-schema.xsd --source-revision 8c8e5dff860af6b1290ee9273a282db24278f8d5 --source-repository-path Current/U_SOL_11_X86_V3R5_STIG_SCAP_1-4_Benchmark-enhancedV18-signed.zip --benchmark-key xccdf_mil.disa.stig_benchmark_solaris_11_x86_stig --fail-on-unresolved
{
  "ambiguous_definition_references": 0,
  "applicability_check_fact_refs": 1,
  "applicability_oval_definition_refs": 1,
  "applicability_schema_invalid": 0,
  "applicability_unique_oval_definitions": 1,
  "applicability_unresolved_references": 0,
  "cpe_inventory_refs": 1,
  "cpe_inventory_schema_invalid": 0,
  "cpe_inventory_split_valid": 1,
  "cpe_inventory_unresolved": 0,
  "rules_with_oval": 141,
  "rules_without_oval": 73,
  "schema_invalid": 0,
  "schema_valid": 141,
  "split_files": 141,
  "unresolved_references": 0,
  "xccdf_rules": 214
}
+ /opt/hostedtoolcache/Python/3.12.14/x64/bin/python /home/runner/work/scap-ng/scap-ng/scap-ng/tools/scap_upconvert_v003/convert_full_review.py --input niwc/Current/U_SOL_11_X86_V3R5_STIG_SCAP_1-4_Benchmark-enhancedV18-signed.zip --sha256 f988154cba7cf0ab39fa3063e510398c716e5d7d5865ae5cc187dc10d2071f2a --benchmark-id niwc.sol_11_x86_v3r5_stig_scap_1-4_benchmark-enhancedv18-signed --platform-id product.sol_11_x86_v3r5_stig_scap_1-4_benchmark-enhancedv18-signed --platform-title Solaris 11 X86 STIG SCAP Benchmark - NIWC Enhanced with Manual Questions --split-root work/split-U_SOL_11_X86_V3R5_STIG_SCAP_1-4_Benchmark-enhancedV18-signed --output work/result/generated/U_SOL_11_X86_V3R5_STIG_SCAP_1-4_Benchmark-enhancedV18-signed
{
  "status": "full_research_review_structural_and_representation_checks_passed",
  "rules": 214,
  "profiles": 10,
  "applicability": 2,
  "yaml_files": 573
}
{
  "benchmark_id": "niwc.sol_11_x86_v3r5_stig_scap_1-4_benchmark-enhancedv18-signed",
  "generated_fresh": true,
  "output": "work/result/generated/U_SOL_11_X86_V3R5_STIG_SCAP_1-4_Benchmark-enhancedV18-signed",
  "platform_id": "product.sol_11_x86_v3r5_stig_scap_1-4_benchmark-enhancedv18-signed",
  "platform_title": "Solaris 11 X86 STIG SCAP Benchmark - NIWC Enhanced with Manual Questions",
  "source_benchmark_id": "xccdf_mil.disa.stig_benchmark_Solaris_11_X86_STIG",
  "source_revision": "8c8e5dff860af6b1290ee9273a282db24278f8d5",
  "source_sha256": "f988154cba7cf0ab39fa3063e510398c716e5d7d5865ae5cc187dc10d2071f2a",
  "source_zip": "Current/U_SOL_11_X86_V3R5_STIG_SCAP_1-4_Benchmark-enhancedV18-signed.zip",
  "title": "Solaris 11 X86 STIG SCAP Benchmark - NIWC Enhanced with Manual Questions"
}

